✔ run-f6c-root-cover-pilot: current repository bindings reject changed bytes (4.042709ms)
✔ run-f6c-cached-root-cover-pilot: current repository bindings reject changed bytes (3.966833ms)
✔ run-f6c-cached-root-cover-full: current repository bindings reject changed bytes (3.83725ms)
✔ run-prescribed-response-pilot: current repository bindings reject changed bytes (3.803167ms)
✔ run-f6c-acceleration-pilot: current repository bindings reject changed bytes (5.535333ms)
✔ all scientific implementation/control pins remain the separately accepted source generation (2.532666ms)
✔ closed plan has no invented runtime/default fields and exact operational closure (2.767042ms)
✔ duplicate JSON keys unsafe numbers malformed UTF8 and excessive nesting fail closed (0.433208ms)
✔ bounded source read and write preserve exact bytes and reject symlink/overwrite (8.949333ms)
✔ pure helper capture refuses changed bytes and exposes only operational functions used here (0.263583ms)
✔ data/outer siblings are distinct and stage CLI preserves original candidate and deadline (3.710208ms)
✔ captured Python wrapper reports real target CPU separately and rejects changed source (53.660208ms)
✔ metadata inventory closes lazy large-integer division dependencies without scientific imports (54.137167ms)
✔ synthetic consumer admission needs exact closed gate candidate census and binding chain (134.657208ms)
✔ synthetic checker admission binds original candidate complete analysis and unpromoted flags (111.3935ms)
✔ stage piping uses one detached registered target and rejects failure and log overflow (5.955625ms)
✔ metadata timeout waits for killed child closure (6.47825ms)
✔ shared exclusion recognizes old/cached/full/root/range and both F5 stages (3.624083ms)
✔ explicit runtime launch options reject extras missing values unsafe hash and traversal (0.411292ms)
✔ reused safeguards enforce first-to-last RSS interval host thresholds and stdout flush (13.133792ms)
✔ captured file worker timeout is bounded and finalization requires complete closed stages (13.596375ms)
✔ final diagnostics drain waits for queued writes and rejects stalled or late callbacks (11.812166ms)
✔ final diagnostics EPIPE and callback failures reject and close only owned stream (0.538667ms)
✔ late durable final publication returns no admissible result and never overwrites earlier data (7.483709ms)
✔ failed attempt diagnostic epilogue cannot strand an unread stderr stream (11.656542ms)
✔ CLI failure epilogue invokes only nonzero exit after bounded diagnostics or sink throw (11.481458ms)
✔ failed stage projection retains unresolved process identities and cleanup failures without closure promotion (0.252875ms)
✔ current acceleration transport rejects old plans and changed or executable archive routes (0.933583ms)
ℹ tests 28
ℹ suites 0
ℹ pass 28
ℹ fail 0
ℹ cancelled 0
ℹ skipped 0
ℹ todo 0
ℹ duration_ms 552.441709
