✔ run-f6c-root-cover-pilot: current repository bindings reject changed bytes (4.259042ms)
✔ run-f6c-cached-root-cover-pilot: current repository bindings reject changed bytes (3.312875ms)
✔ run-f6c-cached-root-cover-full: current repository bindings reject changed bytes (4.382875ms)
✔ run-prescribed-response-pilot: current repository bindings reject changed bytes (3.732667ms)
✔ run-f6c-acceleration-pilot: current repository bindings reject changed bytes (6.44775ms)
✔ all scientific implementation/control pins remain the separately accepted source generation (1.935917ms)
✔ closed plan has no invented runtime/default fields and exact operational closure (3.558667ms)
✔ duplicate JSON keys unsafe numbers malformed UTF8 and excessive nesting fail closed (0.493916ms)
✔ bounded source read and write preserve exact bytes and reject symlink/overwrite (41.348416ms)
✔ pure helper capture refuses changed bytes and exposes only operational functions used here (0.284334ms)
✔ data/outer siblings are distinct and stage CLI preserves original candidate and deadline (1.989375ms)
✔ captured Python wrapper reports real target CPU separately and rejects changed source (53.271292ms)
✔ metadata inventory closes lazy large-integer division dependencies without scientific imports (52.487708ms)
✔ synthetic consumer admission needs exact closed gate candidate census and binding chain (112.478541ms)
✔ synthetic checker admission binds original candidate complete analysis and unpromoted flags (121.692ms)
✔ stage piping uses one detached registered target and rejects failure and log overflow (5.230042ms)
✔ metadata timeout waits for killed child closure (7.829542ms)
✔ shared exclusion recognizes old/cached/full/root/range and both F5 stages (4.101667ms)
✔ explicit runtime launch options reject extras missing values unsafe hash and traversal (0.415042ms)
✔ reused safeguards enforce first-to-last RSS interval host thresholds and stdout flush (13.026708ms)
✔ captured file worker timeout is bounded and finalization requires complete closed stages (14.867125ms)
✔ final diagnostics drain waits for queued writes and rejects stalled or late callbacks (11.985708ms)
✔ final diagnostics EPIPE and callback failures reject and close only owned stream (0.59075ms)
✔ late durable final publication returns no admissible result and never overwrites earlier data (5.505083ms)
✔ failed attempt diagnostic epilogue cannot strand an unread stderr stream (11.289875ms)
✔ CLI failure epilogue invokes only nonzero exit after bounded diagnostics or sink throw (10.46525ms)
✔ failed stage projection retains unresolved process identities and cleanup failures without closure promotion (0.301834ms)
✔ current acceleration transport rejects old plans and changed or executable archive routes (1.007917ms)
ℹ tests 28
ℹ suites 0
ℹ pass 28
ℹ fail 0
ℹ cancelled 0
ℹ skipped 0
ℹ todo 0
ℹ duration_ms 566.830958
