test_capture_hash_and_same_inode_generation (test_f6c_refined_acceleration_preparation.InputAndPlanControls.test_capture_hash_and_same_inode_generation) ... ok
test_duplicate_nonfinite_nonexact_and_overlong_numbers_rejected (test_f6c_refined_acceleration_preparation.InputAndPlanControls.test_duplicate_nonfinite_nonexact_and_overlong_numbers_rejected) ... ok
test_null_and_null_then_extra_are_not_ndjson_eof (test_f6c_refined_acceleration_preparation.InputAndPlanControls.test_null_and_null_then_extra_are_not_ndjson_eof) ... ok
test_output_requires_exact_new_ignored_child (test_f6c_refined_acceleration_preparation.InputAndPlanControls.test_output_requires_exact_new_ignored_child) ... ok
test_plan_fixed_scope_sources_caps_and_external_prior_closure (test_f6c_refined_acceleration_preparation.InputAndPlanControls.test_plan_fixed_scope_sources_caps_and_external_prior_closure) ... ok
test_prior_pinned_receipt_chain_controls (test_f6c_refined_acceleration_preparation.InputAndPlanControls.test_prior_pinned_receipt_chain_controls) ... ok
test_private_reference_does_not_use_preexisting_module_or_changed_bytes (test_f6c_refined_acceleration_preparation.InputAndPlanControls.test_private_reference_does_not_use_preexisting_module_or_changed_bytes) ... ok
test_replacement_symlink_empty_and_fifo_rejected (test_f6c_refined_acceleration_preparation.InputAndPlanControls.test_replacement_symlink_empty_and_fifo_rejected) ... ok
test_exact_entry_candidate_and_completion_after_bound_cleanup (test_f6c_refined_acceleration_preparation.MainWiringControls.test_exact_entry_candidate_and_completion_after_bound_cleanup) ... ok
test_executing_source_mismatch_stops_before_math (test_f6c_refined_acceleration_preparation.MainWiringControls.test_executing_source_mismatch_stops_before_math) ... ok
test_late_watch_teardown_invalidates_printed_record (test_f6c_refined_acceleration_preparation.MainWiringControls.test_late_watch_teardown_invalidates_printed_record) ... ok
test_slow_final_context_cleanup_suppresses_completion_and_withdraws (test_f6c_refined_acceleration_preparation.MainWiringControls.test_slow_final_context_cleanup_suppresses_completion_and_withdraws) ... ok
test_slow_stdout_and_late_runtime_never_leave_admissible_candidate (test_f6c_refined_acceleration_preparation.MainWiringControls.test_slow_stdout_and_late_runtime_never_leave_admissible_candidate) ... ok
test_authority_unknown_fields_and_unbounded_binding_iterators_rejected (test_f6c_refined_acceleration_preparation.ProjectionControls.test_authority_unknown_fields_and_unbounded_binding_iterators_rejected) ... ok
test_changed_constants_or_precision_never_import_defaults (test_f6c_refined_acceleration_preparation.ProjectionControls.test_changed_constants_or_precision_never_import_defaults) ... ok
test_denominator_and_strict_face_boundaries (test_f6c_refined_acceleration_preparation.ProjectionControls.test_denominator_and_strict_face_boundaries) ... ok
test_exact_frame_error_is_provenance_not_curve_inflation (test_f6c_refined_acceleration_preparation.ProjectionControls.test_exact_frame_error_is_provenance_not_curve_inflation) ... ok
test_frame_alignment_and_boundary_are_exact (test_f6c_refined_acceleration_preparation.ProjectionControls.test_frame_alignment_and_boundary_are_exact) ... ok
test_hand_authored_complete_projection_preserves_exact_tokens (test_f6c_refined_acceleration_preparation.ProjectionControls.test_hand_authored_complete_projection_preserves_exact_tokens) ... ok
test_identity_fingerprint_charge_and_polarity_are_checked (test_f6c_refined_acceleration_preparation.ProjectionControls.test_identity_fingerprint_charge_and_polarity_are_checked) ... ok
test_mapping_is_immutable_and_detached_from_input_containers (test_f6c_refined_acceleration_preparation.ProjectionControls.test_mapping_is_immutable_and_detached_from_input_containers) ... ok
test_missing_or_reordered_pair_and_piece_are_rejected (test_f6c_refined_acceleration_preparation.ProjectionControls.test_missing_or_reordered_pair_and_piece_are_rejected) ... ok
test_no_self_geometry_and_no_ordinary_count_or_coverage_relaxation (test_f6c_refined_acceleration_preparation.ProjectionControls.test_no_self_geometry_and_no_ordinary_count_or_coverage_relaxation) ... ok
test_self_absence_is_not_a_fabricated_coverage_hash (test_f6c_refined_acceleration_preparation.ProjectionControls.test_self_absence_is_not_a_fabricated_coverage_hash) ... ok
test_budget_underflow_limits_and_nonadvancing_clock_rejected (test_f6c_refined_acceleration_preparation.PublicationControls.test_budget_underflow_limits_and_nonadvancing_clock_rejected) ... ok
test_completion_after_cleanup_and_flushed_stdout_is_not_admissible_late (test_f6c_refined_acceleration_preparation.PublicationControls.test_completion_after_cleanup_and_flushed_stdout_is_not_admissible_late) ... ok
test_deadline_during_private_fsync_never_publishes (test_f6c_refined_acceleration_preparation.PublicationControls.test_deadline_during_private_fsync_never_publishes) ... ok
test_exclusive_durable_candidate_and_collision (test_f6c_refined_acceleration_preparation.PublicationControls.test_exclusive_durable_candidate_and_collision) ... ok
test_interruption_and_public_replacement_preserved (test_f6c_refined_acceleration_preparation.PublicationControls.test_interruption_and_public_replacement_preserved) ... ok
test_late_directory_fsync_removes_only_own_public_attempt (test_f6c_refined_acceleration_preparation.PublicationControls.test_late_directory_fsync_removes_only_own_public_attempt) ... ok
test_frame_hermite_curvature_is_independent_endpoint_algebra (test_f6c_refined_acceleration_preparation.RefinedMappingControls.test_frame_hermite_curvature_is_independent_endpoint_algebra) ... ok
test_pair_specific_emission_and_separate_oldest_are_copied (test_f6c_refined_acceleration_preparation.RefinedMappingControls.test_pair_specific_emission_and_separate_oldest_are_copied) ... ok
test_restriction_and_piece_request_cannot_reuse_other_pair (test_f6c_refined_acceleration_preparation.RefinedMappingControls.test_restriction_and_piece_request_cannot_reuse_other_pair) ... ok
test_stationary_exact_signed_kernel_totals_residual_and_square (test_f6c_refined_acceleration_preparation.RefinedMappingControls.test_stationary_exact_signed_kernel_totals_residual_and_square) ... ok
test_independent_complete_metadata_chain_and_typed_timestamps (test_f6c_refined_acceleration_preparation.RefinedProvenanceControls.test_independent_complete_metadata_chain_and_typed_timestamps) ... ok
test_no_producer_import_of_checker_or_projection_core (test_f6c_refined_acceleration_preparation.RefinedProvenanceControls.test_no_producer_import_of_checker_or_projection_core) ... ok
test_original_completion_bytes_not_saved_object_only (test_f6c_refined_acceleration_preparation.RefinedProvenanceControls.test_original_completion_bytes_not_saved_object_only) ... ok
test_seven_math_roles_replace_only_two_cover_roles (test_f6c_refined_acceleration_preparation.RefinedProvenanceControls.test_seven_math_roles_replace_only_two_cover_roles) ... ok
test_actual_nested_late_capture_growth_is_bounded_by_original_size (test_f6c_refined_acceleration_preparation.TransportBoundaryControls.test_actual_nested_late_capture_growth_is_bounded_by_original_size)
Execute the real nested capture body with a tiny disposable file. ... ok
test_actual_nul_path_rejected_before_filesystem_and_literal_backslash_allowed (test_f6c_refined_acceleration_preparation.TransportBoundaryControls.test_actual_nul_path_rejected_before_filesystem_and_literal_backslash_allowed) ... ok
test_exact_semantic_string_classes (test_f6c_refined_acceleration_preparation.TransportBoundaryControls.test_exact_semantic_string_classes) ... ok
test_signed64_and_exact_fractional_metadata_no_scientific_relaxation (test_f6c_refined_acceleration_preparation.TransportBoundaryControls.test_signed64_and_exact_fractional_metadata_no_scientific_relaxation) ... ok
test_structural_guards_are_common_to_all_classes (test_f6c_refined_acceleration_preparation.TransportBoundaryControls.test_structural_guards_are_common_to_all_classes) ... ok
test_unterminated_and_hidden_null_tail_rejected (test_f6c_refined_acceleration_preparation.TransportBoundaryControls.test_unterminated_and_hidden_null_tail_rejected) ... ok
test_actual_cli_capture_failure_is_nonzero_and_no_publication (test_f6c_refined_acceleration.CapturePublicationTests.test_actual_cli_capture_failure_is_nonzero_and_no_publication) ... ok
test_budget_underflow_and_nondecimal_fail_before_timer (test_f6c_refined_acceleration.CapturePublicationTests.test_budget_underflow_and_nondecimal_fail_before_timer) ... ok
test_completion_late_flush_and_interruption_are_failures (test_f6c_refined_acceleration.CapturePublicationTests.test_completion_late_flush_and_interruption_are_failures) ... ok
test_exclusive_durable_publication_and_alias (test_f6c_refined_acceleration.CapturePublicationTests.test_exclusive_durable_publication_and_alias) ... ok
test_executing_and_captured_reference_generation (test_f6c_refined_acceleration.CapturePublicationTests.test_executing_and_captured_reference_generation) ... ok
test_late_final_write_or_fsync_has_no_admissible_output (test_f6c_refined_acceleration.CapturePublicationTests.test_late_final_write_or_fsync_has_no_admissible_output) ... ok
test_rejection_preserves_replacement_inode (test_f6c_refined_acceleration.CapturePublicationTests.test_rejection_preserves_replacement_inode) ... ok
test_same_descriptor_capture_and_replacement (test_f6c_refined_acceleration.CapturePublicationTests.test_same_descriptor_capture_and_replacement) ... ok
test_symlink_fifo_hash_and_size_rejections (test_f6c_refined_acceleration.CapturePublicationTests.test_symlink_fifo_hash_and_size_rejections) ... ok
test202_omitted_duplicate_extra_and_conflicting_binding (test_f6c_refined_acceleration.ChainTests.test202_omitted_duplicate_extra_and_conflicting_binding) ... ok
test_all_fifteen_subject_members_required (test_f6c_refined_acceleration.ChainTests.test_all_fifteen_subject_members_required) ... ok
test_any_prior_physics_or_pure_authority_fails (test_f6c_refined_acceleration.ChainTests.test_any_prior_physics_or_pure_authority_fails) ... ok
test_complete_fictional_chain_and_exact_prepublication_time (test_f6c_refined_acceleration.ChainTests.test_complete_fictional_chain_and_exact_prepublication_time) ... ok
test_fresh_log_missing_changed_or_extra_completion (test_f6c_refined_acceleration.ChainTests.test_fresh_log_missing_changed_or_extra_completion) ... ok
test_full_final_process_true_is_not_pre_admission_false (test_f6c_refined_acceleration.ChainTests.test_full_final_process_true_is_not_pre_admission_false) ... ok
test_gate_exit_retirement_and_closure (test_f6c_refined_acceleration.ChainTests.test_gate_exit_retirement_and_closure) ... ok
test_old_and_new_closure_never_substituted (test_f6c_refined_acceleration.ChainTests.test_old_and_new_closure_never_substituted) ... ok
test_plan_cannot_infer_execution_from_prior (test_f6c_refined_acceleration.ChainTests.test_plan_cannot_infer_execution_from_prior) ... ok
test_plan_future_bindings_explicit_and_exact_controls (test_f6c_refined_acceleration.ChainTests.test_plan_future_bindings_explicit_and_exact_controls) ... ok
test_seven_mathematical_roles_do_not_reuse_broad_cover (test_f6c_refined_acceleration.ChainTests.test_seven_mathematical_roles_do_not_reuse_broad_cover) ... ok
test_stage_four_output_and_completion_dispositions (test_f6c_refined_acceleration.ChainTests.test_stage_four_output_and_completion_dispositions) ... ok
test_stream_identity_and_restrictions (test_f6c_refined_acceleration.ChainTests.test_stream_identity_and_restrictions) ... ok
test_candidate_plumbing_checks_original_binding_and_claims_first (test_f6c_refined_acceleration.InterfaceTests.test_candidate_plumbing_checks_original_binding_and_claims_first) ... ok
test_prior_log_omission_null_tail_limits_prefix_and_final_time (test_f6c_refined_acceleration.InterfaceTests.test_prior_log_omission_null_tail_limits_prefix_and_final_time) ... ok
test_prior_logs_keep_prepublication_and_final_scopes_distinct (test_f6c_refined_acceleration.InterfaceTests.test_prior_logs_keep_prepublication_and_final_scopes_distinct) ... ok
test_raw_census_eof_null_and_duplicate (test_f6c_refined_acceleration.InterfaceTests.test_raw_census_eof_null_and_duplicate) ... ok
test_typed_receipt_classes_do_not_relax_science (test_f6c_refined_acceleration.InterfaceTests.test_typed_receipt_classes_do_not_relax_science) ... ok
test_all_late_main_paths_retract_public_authority (test_f6c_refined_acceleration.MainFlowTests.test_all_late_main_paths_retract_public_authority) ... ok
test_positive_full_main_is_explicitly_mocked_plumbing (test_f6c_refined_acceleration.MainFlowTests.test_positive_full_main_is_explicitly_mocked_plumbing) ... ok
test_fractional_metadata_retains_decimal_tokens_without_float_rounding (test_f6c_refined_acceleration.MetadataTransportTests.test_fractional_metadata_retains_decimal_tokens_without_float_rounding) ... ok
test_metadata_class_string_bounds_and_invalid_selectors (test_f6c_refined_acceleration.MetadataTransportTests.test_metadata_class_string_bounds_and_invalid_selectors) ... ok
test_metadata_duplicate_depth_key_array_object_bytes_and_utf8_guards (test_f6c_refined_acceleration.MetadataTransportTests.test_metadata_duplicate_depth_key_array_object_bytes_and_utf8_guards) ... ok
test_only_semantic_admission_gets_long_string_class (test_f6c_refined_acceleration.MetadataTransportTests.test_only_semantic_admission_gets_long_string_class) ... ok
test_scientific_data_decoder_is_unchanged_and_never_retried (test_f6c_refined_acceleration.MetadataTransportTests.test_scientific_data_decoder_is_unchanged_and_never_retried) ... ok
test_signed64_boundaries_and_original_style_timestamps_are_exact (test_f6c_refined_acceleration.MetadataTransportTests.test_signed64_boundaries_and_original_style_timestamps_are_exact) ... ok
test_bootstrap_same_fd_changed_source_and_cleanup (test_f6c_parent_emission_refinement_preparation.CaptureTests.test_bootstrap_same_fd_changed_source_and_cleanup) ... ok
test_capture_duplicate_conflict_and_role_size (test_f6c_parent_emission_refinement_preparation.CaptureTests.test_capture_duplicate_conflict_and_role_size) ... ok
test_capture_upgrade_growth_truncation_replacement_symlink (test_f6c_parent_emission_refinement_preparation.CaptureTests.test_capture_upgrade_growth_truncation_replacement_symlink) ... ok
test_captured_package_real_public_history_generation_cleanup (test_f6c_parent_emission_refinement_preparation.CaptureTests.test_captured_package_real_public_history_generation_cleanup) ... ok
test_final_recapture_growth_truncation_alias_and_deadline_reject (test_f6c_parent_emission_refinement_preparation.CaptureTests.test_final_recapture_growth_truncation_alias_and_deadline_reject) ... ok
test_final_recapture_original_generation_and_descriptor_cleanup (test_f6c_parent_emission_refinement_preparation.CaptureTests.test_final_recapture_original_generation_and_descriptor_cleanup) ... ok
test_private_module_execution_is_captured_and_removed (test_f6c_parent_emission_refinement_preparation.CaptureTests.test_private_module_execution_is_captured_and_removed) ... ok
test_ancestry_stage_observation_and_source_mutations (test_f6c_parent_emission_refinement_preparation.HistoricalChainTests.test_ancestry_stage_observation_and_source_mutations) ... ok
test_independently_derived198_full_source_union (test_f6c_parent_emission_refinement_preparation.HistoricalChainTests.test_independently_derived198_full_source_union) ... ok
test_owner_is_attributed_versioned_whole_completion_not_prepublication (test_f6c_parent_emission_refinement_preparation.HistoricalChainTests.test_owner_is_attributed_versioned_whole_completion_not_prepublication) ... ok
test_late_source_runtime_package_watch_and_stdout_failures_retain (test_f6c_parent_emission_refinement_preparation.MainPathTests.test_late_source_runtime_package_watch_and_stdout_failures_retain) ... ok
test_partial_stream_construction_closes_every_open_descriptor (test_f6c_parent_emission_refinement_preparation.MainPathTests.test_partial_stream_construction_closes_every_open_descriptor) ... ok
test_positive_main_after_package_capture_and_watch_cleanup (test_f6c_parent_emission_refinement_preparation.MainPathTests.test_positive_main_after_package_capture_and_watch_cleanup) ... ok
test_runtime_is_admitted_before_proposer_entry (test_f6c_parent_emission_refinement_preparation.MainPathTests.test_runtime_is_admitted_before_proposer_entry) ... ok
test_selected_parent_two_reaches_projection_and_completion (test_f6c_parent_emission_refinement_preparation.MainPathTests.test_selected_parent_two_reaches_projection_and_completion) ... ok
test_silent_source_plan_and_runtime_cleanup_changes_withhold_completion (test_f6c_parent_emission_refinement_preparation.MainPathTests.test_silent_source_plan_and_runtime_cleanup_changes_withhold_completion) ... ok
test_all_original_parent_indices_and_scopes_are_explicit (test_f6c_parent_emission_refinement_preparation.PlanTests.test_all_original_parent_indices_and_scopes_are_explicit) ... ok
test_budget_and_exact_token_bounds_before_fraction (test_f6c_parent_emission_refinement_preparation.PlanTests.test_budget_and_exact_token_bounds_before_fraction) ... ok
test_closed_plan_changes_rejected (test_f6c_parent_emission_refinement_preparation.PlanTests.test_closed_plan_changes_rejected) ... ok
test_closed_plan_subject_census_and_owner_is_plan_selected (test_f6c_parent_emission_refinement_preparation.PlanTests.test_closed_plan_subject_census_and_owner_is_plan_selected) ... ok
test_no_duplicate_canonical_execution_sources (test_f6c_parent_emission_refinement_preparation.PlanTests.test_no_duplicate_canonical_execution_sources) ... ok
test_parser_role_limits_and_science_unchanged (test_f6c_parent_emission_refinement_preparation.PlanTests.test_parser_role_limits_and_science_unchanged) ... ok
test_record_fields_match_unchanged_proposer_and_comparator (test_f6c_parent_emission_refinement_preparation.PlanTests.test_record_fields_match_unchanged_proposer_and_comparator) ... ok
test_complete_original_membership_exact_parent_generation (test_f6c_parent_emission_refinement_preparation.ProjectionTests.test_complete_original_membership_exact_parent_generation) ... ok
test_global_identity_not_cell_zero_or_local_relabel (test_f6c_parent_emission_refinement_preparation.ProjectionTests.test_global_identity_not_cell_zero_or_local_relabel) ... ok
test_missing_history_frame_and_tail_census_rejected (test_f6c_parent_emission_refinement_preparation.ProjectionTests.test_missing_history_frame_and_tail_census_rejected) ... ok
test_original_allowance_tokens_change_full_generation_not_compact_digest (test_f6c_parent_emission_refinement_preparation.ProjectionTests.test_original_allowance_tokens_change_full_generation_not_compact_digest) ... ok
test_parent_piece_closed_boundary_and_nonparent_identity (test_f6c_parent_emission_refinement_preparation.ProjectionTests.test_parent_piece_closed_boundary_and_nonparent_identity) ... ok
test_project_has_no_numerical_or_io_call_path (test_f6c_parent_emission_refinement_preparation.ProjectionTests.test_project_has_no_numerical_or_io_call_path) ... ok
test_selected_parent_explicit_index_and_closed_coverage_rejection (test_f6c_parent_emission_refinement_preparation.ProjectionTests.test_selected_parent_explicit_index_and_closed_coverage_rejection) ... ok
test_selected_zero_two_last_parent_exact_original_tokens (test_f6c_parent_emission_refinement_preparation.ProjectionTests.test_selected_zero_two_last_parent_exact_original_tokens) ... ok
test_self_absence_and_positive_bound_requirements (test_f6c_parent_emission_refinement_preparation.ProjectionTests.test_self_absence_and_positive_bound_requirements) ... ok
test_declared_stage_allowance_and_retained_original_descriptors (test_f6c_parent_emission_refinement_preparation.PublicationTests.test_declared_stage_allowance_and_retained_original_descriptors) ... ok
test_durable_query_ack_and_pending_fsync_failure (test_f6c_parent_emission_refinement_preparation.PublicationTests.test_durable_query_ack_and_pending_fsync_failure) ... ok
test_four_public_private_links_aggregate_and_retained_failed_output (test_f6c_parent_emission_refinement_preparation.PublicationTests.test_four_public_private_links_aggregate_and_retained_failed_output) ... ok
test_ndjson_exact_eof_and_null_tail (test_f6c_parent_emission_refinement_preparation.PublicationTests.test_ndjson_exact_eof_and_null_tail) ... ok
test_private_same_bytes_replacement_with_foreign_hardlink_rejects (test_f6c_parent_emission_refinement_preparation.PublicationTests.test_private_same_bytes_replacement_with_foreign_hardlink_rejects) ... ok
test_publication_path_replacement_and_late_deadline (test_f6c_parent_emission_refinement_preparation.PublicationTests.test_publication_path_replacement_and_late_deadline) ... ok
test_quota_counts_private_bytes_and_unknown_sidecars (test_f6c_parent_emission_refinement_preparation.PublicationTests.test_quota_counts_private_bytes_and_unknown_sidecars) ... ok
test_success_layout_rejects_extra_private_or_public_files (test_f6c_parent_emission_refinement_preparation.PublicationTests.test_success_layout_rejects_extra_private_or_public_files) ... ok
test_manifest_identity_and_claims_checked_before_comparison (test_f6c_parent_emission_refinement_verification.ComparisonTests.test_manifest_identity_and_claims_checked_before_comparison) ... ok
test_stationary_and_affine_known_answers (test_f6c_parent_emission_refinement_verification.ComparisonTests.test_stationary_and_affine_known_answers) ... ok
test_wrong_query_local_pointer_and_retained_proof_fail (test_f6c_parent_emission_refinement_verification.ComparisonTests.test_wrong_query_local_pointer_and_retained_proof_fail) ... ok
test_bootstrap_and_private_module_cleanup (test_f6c_parent_emission_refinement_verification.FileAndPublicationTests.test_bootstrap_and_private_module_cleanup) ... ok
test_exclusive_publication_and_retained_failed_output (test_f6c_parent_emission_refinement_verification.FileAndPublicationTests.test_exclusive_publication_and_retained_failed_output) ... ok
test_explicit_stage_allowance_and_original_fd_closure (test_f6c_parent_emission_refinement_verification.FileAndPublicationTests.test_explicit_stage_allowance_and_original_fd_closure) ... ok
test_final_bounded_recapture_preserves_original_identity_after_close (test_f6c_parent_emission_refinement_verification.FileAndPublicationTests.test_final_bounded_recapture_preserves_original_identity_after_close) ... ok
test_final_recapture_mutation_growth_and_alias_rejected (test_f6c_parent_emission_refinement_verification.FileAndPublicationTests.test_final_recapture_mutation_growth_and_alias_rejected) ... ok
test_frozen_entry_pin_parser_reads_code_without_running_it (test_f6c_parent_emission_refinement_verification.FileAndPublicationTests.test_frozen_entry_pin_parser_reads_code_without_running_it) ... FAIL
test_layout_closed_hardlink_generation_and_logical_quota (test_f6c_parent_emission_refinement_verification.FileAndPublicationTests.test_layout_closed_hardlink_generation_and_logical_quota) ... ok
test_layout_extra_file_and_foreign_private_fail (test_f6c_parent_emission_refinement_verification.FileAndPublicationTests.test_layout_extra_file_and_foreign_private_fail) ... ok
test_pool_real_fd_late_growth_and_replacement (test_f6c_parent_emission_refinement_verification.FileAndPublicationTests.test_pool_real_fd_late_growth_and_replacement) ... ok
test_pool_rejects_symlink_and_hardlink_source_alias (test_f6c_parent_emission_refinement_verification.FileAndPublicationTests.test_pool_rejects_symlink_and_hardlink_source_alias) ... ok
test_derived198_not_receipt_self_membership (test_f6c_parent_emission_refinement_verification.FullChainTests.test_derived198_not_receipt_self_membership) ... ok
test_missing_sources_stage_closure_stream_logs_and_false_claims (test_f6c_parent_emission_refinement_verification.FullChainTests.test_missing_sources_stage_closure_stream_logs_and_false_claims) ... ok
test_all_explicit_parent_scopes_and_rejected_index_types (test_f6c_parent_emission_refinement_verification.InterfaceTests.test_all_explicit_parent_scopes_and_rejected_index_types) ... ok
test_budget_is_lexically_bounded_before_fraction (test_f6c_parent_emission_refinement_verification.InterfaceTests.test_budget_is_lexically_bounded_before_fraction) ... ok
test_closed_plan_and_exact_role_counts (test_f6c_parent_emission_refinement_verification.InterfaceTests.test_closed_plan_and_exact_role_counts) ... ok
test_no_production_oracle_import_or_execution (test_f6c_parent_emission_refinement_verification.InterfaceTests.test_no_production_oracle_import_or_execution) ... ok
test_owner_hash_is_selected_by_reviewed_plan_not_current_file (test_f6c_parent_emission_refinement_verification.InterfaceTests.test_owner_hash_is_selected_by_reviewed_plan_not_current_file) ... ok
test_plan_mutations_and_normalized_aliases_reject (test_f6c_parent_emission_refinement_verification.InterfaceTests.test_plan_mutations_and_normalized_aliases_reject) ... ok
test_semantic_receipt_parser_classes (test_f6c_parent_emission_refinement_verification.InterfaceTests.test_semantic_receipt_parser_classes) ... ok
test_stream_eof_is_not_null_or_blank_or_extra (test_f6c_parent_emission_refinement_verification.InterfaceTests.test_stream_eof_is_not_null_or_blank_or_extra) ... ok
test_full_main_all_late_failures_retain (test_f6c_parent_emission_refinement_verification.MainFlowTests.test_full_main_all_late_failures_retain) ... ok
test_full_main_positive_exact_contract (test_f6c_parent_emission_refinement_verification.MainFlowTests.test_full_main_positive_exact_contract) ... ok
test_selected_parent_two_reaches_projection_report_and_completion (test_f6c_parent_emission_refinement_verification.MainFlowTests.test_selected_parent_two_reaches_projection_report_and_completion) ... ok
test_silent_cleanup_changes_cannot_receive_successful_completion (test_f6c_parent_emission_refinement_verification.MainFlowTests.test_silent_cleanup_changes_cannot_receive_successful_completion) ... ok
test_all_axis_and_scalar_tokens_participate_in_generation (test_f6c_parent_emission_refinement_verification.OriginalMappingTests.test_all_axis_and_scalar_tokens_participate_in_generation) ... ok
test_all_original_tokens_global_to_local_and_closed_knots (test_f6c_parent_emission_refinement_verification.OriginalMappingTests.test_all_original_tokens_global_to_local_and_closed_knots) ... ok
test_explicit_other_parent_mapping_with_independent_original_tokens (test_f6c_parent_emission_refinement_verification.OriginalMappingTests.test_explicit_other_parent_mapping_with_independent_original_tokens) ... ok
test_full_census_and_original_membership_mutations (test_f6c_parent_emission_refinement_verification.OriginalMappingTests.test_full_census_and_original_membership_mutations) ... ok
test_bad_metadata_rejects_before_any_evaluation (test_f6c_single_leaf_diagnostic.BisectedTests.test_bad_metadata_rejects_before_any_evaluation) ... ok
test_bisected_requires_fresh_counters_and_never_calls_global_protocol (test_f6c_single_leaf_diagnostic.BisectedTests.test_bisected_requires_fresh_counters_and_never_calls_global_protocol) ... ok
test_constant_known_answer_integrals_peak_and_claims (test_f6c_single_leaf_diagnostic.BisectedTests.test_constant_known_answer_integrals_peak_and_claims) ... ok
test_distinct_member_constants_prevent_mean_or_member_omission (test_f6c_single_leaf_diagnostic.BisectedTests.test_distinct_member_constants_prevent_mean_or_member_omission) ... ok
test_exact_8_16_2_order_keys_identity_and_observed_deltas (test_f6c_single_leaf_diagnostic.BisectedTests.test_exact_8_16_2_order_keys_identity_and_observed_deltas) ... ok
test_foreign_context_parent_frame_or_binding_rejects_before_evaluate (test_f6c_single_leaf_diagnostic.BisectedTests.test_foreign_context_parent_frame_or_binding_rejects_before_evaluate) ... ok
test_progress_uses_cumulative_totals_without_full_aggregate (test_f6c_single_leaf_diagnostic.BisectedTests.test_progress_uses_cumulative_totals_without_full_aggregate) ... ok
test_rational_summary_is_not_decimal_bounds_and_widths_are_distinct (test_f6c_single_leaf_diagnostic.BisectedTests.test_rational_summary_is_not_decimal_bounds_and_widths_are_distinct) ... ok
test_same_generation_callbacks_cannot_switch_context_frames_or_parents (test_f6c_single_leaf_diagnostic.BisectedTests.test_same_generation_callbacks_cannot_switch_context_frames_or_parents) ... ok
test_second_child_callback_cannot_add_numerical_or_geometry_work (test_f6c_single_leaf_diagnostic.BisectedTests.test_second_child_callback_cannot_add_numerical_or_geometry_work) ... ok
test_second_child_failure_never_returns_partial_success_or_retries (test_f6c_single_leaf_diagnostic.BisectedTests.test_second_child_failure_never_returns_partial_success_or_retries) ... ok
test_source_and_numeric_references_remain_the_frozen_contract (test_f6c_single_leaf_diagnostic.BisectedTests.test_source_and_numeric_references_remain_the_frozen_contract) ... ok
test_split_accounting_includes_mandatory_cut_once_for_all_members (test_f6c_single_leaf_diagnostic.BisectedTests.test_split_accounting_includes_mandatory_cut_once_for_all_members) ... ok
test_time_squared_exact_integrals_included_and_second_child_origin (test_f6c_single_leaf_diagnostic.BisectedTests.test_time_squared_exact_integrals_included_and_second_child_origin) ... ok
test_witness_is_bounded_by_same_member_and_both_closed_children (test_f6c_single_leaf_diagnostic.BisectedTests.test_witness_is_bounded_by_same_member_and_both_closed_children) ... ok
test_callback_counter_context_closed_and_exception_fail_immediately (test_f6c_single_leaf_diagnostic.LeafResponseSessionTests.test_callback_counter_context_closed_and_exception_fail_immediately) ... ok
test_callbacks_cannot_reenter_provide_or_advance_even_if_error_caught (test_f6c_single_leaf_diagnostic.LeafResponseSessionTests.test_callbacks_cannot_reenter_provide_or_advance_even_if_error_caught) ... ok
test_constructor_derives_exact_all_frame_knots_and_captures_reference_once (test_f6c_single_leaf_diagnostic.LeafResponseSessionTests.test_constructor_derives_exact_all_frame_knots_and_captures_reference_once) ... ok
test_copy_replacement_foreign_and_reused_provision_rejected (test_f6c_single_leaf_diagnostic.LeafResponseSessionTests.test_copy_replacement_foreign_and_reused_provision_rejected) ... ok
test_duplicate_provision_and_failed_provision_are_not_retryable (test_f6c_single_leaf_diagnostic.LeafResponseSessionTests.test_duplicate_provision_and_failed_provision_are_not_retryable) ... ok
test_external_counter_or_geometry_work_between_operations_rejects (test_f6c_single_leaf_diagnostic.LeafResponseSessionTests.test_external_counter_or_geometry_work_between_operations_rejects) ... ok
test_foreign_copied_or_bare_request_rejected_before_numeric_work (test_f6c_single_leaf_diagnostic.LeafResponseSessionTests.test_foreign_copied_or_bare_request_rejected_before_numeric_work) ... ok
test_genuine_adapter_issued_projection_identity_frame_and_stationary_answer (test_f6c_single_leaf_diagnostic.LeafResponseSessionTests.test_genuine_adapter_issued_projection_identity_frame_and_stationary_answer) ... ok
test_genuine_two_refined_parents_construct_and_advance_without_relabeling (test_f6c_single_leaf_diagnostic.LeafResponseSessionTests.test_genuine_two_refined_parents_construct_and_advance_without_relabeling) ... ok
test_initial_state_construction_cannot_hide_adapter_work (test_f6c_single_leaf_diagnostic.LeafResponseSessionTests.test_initial_state_construction_cannot_hide_adapter_work) ... ok
test_late_transition_failure_and_closed_session_never_repeat_leaf_math (test_f6c_single_leaf_diagnostic.LeafResponseSessionTests.test_late_transition_failure_and_closed_session_never_repeat_leaf_math) ... ok
test_legacy_bisected_dynamic_tripwire_still_forbids_protocol_execution (test_f6c_single_leaf_diagnostic.LeafResponseSessionTests.test_legacy_bisected_dynamic_tripwire_still_forbids_protocol_execution) ... ok
test_metadata_lexemes_and_shape_are_not_regularized_or_repaired (test_f6c_single_leaf_diagnostic.LeafResponseSessionTests.test_metadata_lexemes_and_shape_are_not_regularized_or_repaired) ... ok
test_progress_is_per_request_and_no_leaf_callback (test_f6c_single_leaf_diagnostic.LeafResponseSessionTests.test_progress_is_per_request_and_no_leaf_callback) ... ok
test_provide_zero_leaf_evaluations_advance_exactly_once (test_f6c_single_leaf_diagnostic.LeafResponseSessionTests.test_provide_zero_leaf_evaluations_advance_exactly_once) ... ok
test_refinement_flag_changes_poison_the_same_generation (test_f6c_single_leaf_diagnostic.LeafResponseSessionTests.test_refinement_flag_changes_poison_the_same_generation) ... ok
test_refinement_flags_are_typed_metadata_not_a_second_admission_policy (test_f6c_single_leaf_diagnostic.LeafResponseSessionTests.test_refinement_flags_are_typed_metadata_not_a_second_admission_policy) ... ok
test_sequential_requests_nonzero_and_last_frame_and_shared_split_owned_by_GK (test_f6c_single_leaf_diagnostic.LeafResponseSessionTests.test_sequential_requests_nonzero_and_last_frame_and_shared_split_owned_by_GK) ... ok
test_additive_result_contains_exact_unchanged_legacy_diagnostic (test_f6c_single_leaf_diagnostic.RestrictedSingleLeafTests.test_additive_result_contains_exact_unchanged_legacy_diagnostic) ... ok
test_direct_route_malformed_results_or_stealth_geometry_reject (test_f6c_single_leaf_diagnostic.RestrictedSingleLeafTests.test_direct_route_malformed_results_or_stealth_geometry_reject) ... ok
test_each_progress_stage_cannot_add_geometry_or_other_work (test_f6c_single_leaf_diagnostic.RestrictedSingleLeafTests.test_each_progress_stage_cannot_add_geometry_or_other_work) ... ok
test_geometry_freshness_types_and_closed_fields (test_f6c_single_leaf_diagnostic.RestrictedSingleLeafTests.test_geometry_freshness_types_and_closed_fields) ... ok
test_issued_identity_and_existing_provider_failures_still_reject (test_f6c_single_leaf_diagnostic.RestrictedSingleLeafTests.test_issued_identity_and_existing_provider_failures_still_reject) ... ok
test_leaf_cannot_perform_hidden_geometry (test_f6c_single_leaf_diagnostic.RestrictedSingleLeafTests.test_leaf_cannot_perform_hidden_geometry) ... ok
test_legacy_needs_no_geometry_api (test_f6c_single_leaf_diagnostic.RestrictedSingleLeafTests.test_legacy_needs_no_geometry_api) ... ok
test_restricted_exact_constant_integrals_and_census (test_f6c_single_leaf_diagnostic.RestrictedSingleLeafTests.test_restricted_exact_constant_integrals_and_census) ... ok
test_unavailable_range_and_callback_stop_without_retry (test_f6c_single_leaf_diagnostic.RestrictedSingleLeafTests.test_unavailable_range_and_callback_stop_without_retry) ... ok
test_counter_types_and_callback_shape (test_f6c_single_leaf_diagnostic.SingleLeafTests.test_counter_types_and_callback_shape) ... ok
test_exact_constant_integrals_without_actual_data (test_f6c_single_leaf_diagnostic.SingleLeafTests.test_exact_constant_integrals_without_actual_data) ... ok
test_exact_four_call_order_and_same_whole_leaf_residual (test_f6c_single_leaf_diagnostic.SingleLeafTests.test_exact_four_call_order_and_same_whole_leaf_residual) ... ok
test_fresh_context_required (test_f6c_single_leaf_diagnostic.SingleLeafTests.test_fresh_context_required) ... ok
test_malformed_or_extra_provider_work_rejects (test_f6c_single_leaf_diagnostic.SingleLeafTests.test_malformed_or_extra_provider_work_rejects) ... ok
test_no_retry_after_unavailable_range (test_f6c_single_leaf_diagnostic.SingleLeafTests.test_no_retry_after_unavailable_range) ... ok
test_progress_cannot_sneak_in_last_extra_call (test_f6c_single_leaf_diagnostic.SingleLeafTests.test_progress_cannot_sneak_in_last_extra_call) ... ok
test_progress_exception_stops_without_retry (test_f6c_single_leaf_diagnostic.SingleLeafTests.test_progress_exception_stops_without_retry) ... ok
test_progress_is_explicit_and_bounded (test_f6c_single_leaf_diagnostic.SingleLeafTests.test_progress_is_explicit_and_bounded) ... ok
test_conversion_caps_before_codec (test_f6c_streamed_leaf_session.ConversionTests.test_conversion_caps_before_codec) ... ok
test_large_rational_strings_without_global_digit_limit_change (test_f6c_streamed_leaf_session.ConversionTests.test_large_rational_strings_without_global_digit_limit_change) ... ok
test_literal_exact_values_and_order (test_f6c_streamed_leaf_session.ConversionTests.test_literal_exact_values_and_order) ... ok
test_object_keys_count_as_nodes_and_depth_before_codec (test_f6c_streamed_leaf_session.ConversionTests.test_object_keys_count_as_nodes_and_depth_before_codec) ... ok
test_reject_unsupported_values_subclasses_and_keys (test_f6c_streamed_leaf_session.ConversionTests.test_reject_unsupported_values_subclasses_and_keys) ... ok
test_four_actual_synthetic_requests_roundtrip_without_retaining_provisions (test_f6c_streamed_leaf_session.GenuineBridgeTests.test_four_actual_synthetic_requests_roundtrip_without_retaining_provisions) ... ok
test_accepted_sink_mutation_preserves_exact_acknowledged_prefix (test_f6c_streamed_leaf_session.LifecycleTests.test_accepted_sink_mutation_preserves_exact_acknowledged_prefix) ... ok
test_acknowledged_footer_late_guard_does_not_return_success (test_f6c_streamed_leaf_session.LifecycleTests.test_acknowledged_footer_late_guard_does_not_return_success) ... ok
test_acknowledged_provision_late_guard_keeps_ack_but_cannot_advance (test_f6c_streamed_leaf_session.LifecycleTests.test_acknowledged_provision_late_guard_keeps_ack_but_cannot_advance) ... ok
test_base_exception_also_poisoned (test_f6c_streamed_leaf_session.LifecycleTests.test_base_exception_also_poisoned) ... ok
test_between_call_external_work_rejects_advance_and_finish (test_f6c_streamed_leaf_session.LifecycleTests.test_between_call_external_work_rejects_advance_and_finish) ... ok
test_cache_and_geometry_counts_are_observed_at_callback_boundaries (test_f6c_streamed_leaf_session.LifecycleTests.test_cache_and_geometry_counts_are_observed_at_callback_boundaries) ... ok
test_callback_external_work_and_generation_changes_poison (test_f6c_streamed_leaf_session.LifecycleTests.test_callback_external_work_and_generation_changes_poison) ... ok
test_constructor_header_swallowed_reentry_poisoned (test_f6c_streamed_leaf_session.LifecycleTests.test_constructor_header_swallowed_reentry_poisoned) ... ok
test_constructor_metadata_is_closed_and_snapshotted (test_f6c_streamed_leaf_session.LifecycleTests.test_constructor_metadata_is_closed_and_snapshotted) ... ok
test_explicit_all_requests_copy_unresolved_without_extra_work (test_f6c_streamed_leaf_session.LifecycleTests.test_explicit_all_requests_copy_unresolved_without_extra_work) ... ok
test_foreign_evaluation_fails_after_exactly_one_transition (test_f6c_streamed_leaf_session.LifecycleTests.test_foreign_evaluation_fails_after_exactly_one_transition) ... ok
test_header_sink_exception_preserves_attempt_not_acknowledgement (test_f6c_streamed_leaf_session.LifecycleTests.test_header_sink_exception_preserves_attempt_not_acknowledgement) ... ok
test_non_none_acknowledgement_and_encoding_failure_do_not_consume (test_f6c_streamed_leaf_session.LifecycleTests.test_non_none_acknowledgement_and_encoding_failure_do_not_consume) ... ok
test_provision_and_transition_sink_failure_have_different_work_prefixes (test_f6c_streamed_leaf_session.LifecycleTests.test_provision_and_transition_sink_failure_have_different_work_prefixes) ... ok
test_provision_budget_failure_precedes_consumption (test_f6c_streamed_leaf_session.LifecycleTests.test_provision_budget_failure_precedes_consumption) ... ok
test_required_event_order_and_exact_transition (test_f6c_streamed_leaf_session.LifecycleTests.test_required_event_order_and_exact_transition) ... ok
test_returned_summary_does_not_alias_owned_state (test_f6c_streamed_leaf_session.LifecycleTests.test_returned_summary_does_not_alias_owned_state) ... ok
test_swallowed_reentry_at_sink_progress_guard_and_footer (test_f6c_streamed_leaf_session.LifecycleTests.test_swallowed_reentry_at_sink_progress_guard_and_footer) ... ok
test_zero_request_finish_is_pending_not_complete_history (test_f6c_streamed_leaf_session.LifecycleTests.test_zero_request_finish_is_pending_not_complete_history) ... ok

======================================================================
FAIL: test_frozen_entry_pin_parser_reads_code_without_running_it (test_f6c_parent_emission_refinement_verification.FileAndPublicationTests.test_frozen_entry_pin_parser_reads_code_without_running_it)
----------------------------------------------------------------------
Traceback (most recent call last):
  File "/Users/markmorris/vibe/architrino/tests/test_f6c_parent_emission_refinement_verification.py", line 342, in test_frozen_entry_pin_parser_reads_code_without_running_it
    path,h=s.ORIGINAL['fullEntry'];raw=(ROOT/path).read_bytes();self.assertEqual(s.sha(raw),h)
                                                                ~~~~~~~~~~~~~~~~^^^^^^^^^^^^^^
AssertionError: '20c8d44ee55fe77de2e6fb5f394739fe71c806562542c22632789d59dd0734b7' != '9e71ac129b9f62a5c6302ddadf2fdfcb8525b0342bb81a9d7c827cf9553ee792'
- 20c8d44ee55fe77de2e6fb5f394739fe71c806562542c22632789d59dd0734b7
+ 9e71ac129b9f62a5c6302ddadf2fdfcb8525b0342bb81a9d7c827cf9553ee792


----------------------------------------------------------------------
Ran 226 tests in 109.017s

FAILED (failures=1)
