=== 2026-10-07T03:59:44Z STEP sha256
928e823c2aa84bd2b2b3e194e772997245e6bf5971258d4339dc6da900e8f2bd  reference/priorities/master-equation-closure/braid-program/evidence/weber-binding-sphere-ring-b-certify.mjs
d646ca8c36468ae3376750b8948e56ff40a59e4dc04b47be96f972c87b30cd08  reference/priorities/master-equation-closure/braid-program/evidence/weber-binding-sphere-ring-b-freeze-run.log
3fcd1d443ec6d8441153bc92ceaf46f4b5af045bb965b771474169bede0f8616  reference/priorities/master-equation-closure/braid-program/evidence/weber-binding-sphere-ring-b-freeze-run.sh
c59b569b458bfd76d9206ddeca944ae3103448b74093c72d9c530a70935ea9df  reference/priorities/master-equation-closure/braid-program/evidence/weber-binding-sphere-ring-b-ivcheck.py
28c657d4ba0f6abad81c2eebf074becf7eaa70fdc352721415568367ecf23f92  reference/priorities/master-equation-closure/braid-program/evidence/weber-binding-sphere-ring-b-kb2-check.py
56c10d9e465cb57d9f587e2ab450b26c59a260d03d8e95691782645b1ce0ca87  reference/priorities/master-equation-closure/braid-program/evidence/weber-binding-sphere-ring-b-lemma-checks.py
3ed46e5d3471e7397de1a46d293bf294240e64a4f669ccb41dc41afb12ea03a0  reference/priorities/master-equation-closure/braid-program/evidence/weber-binding-sphere-ring-b-multistart.py
53c23031739de97a7586d49bcc49892c830c3da4674649873a486cea858e08e5  reference/priorities/master-equation-closure/braid-program/evidence/weber-binding-sphere-ring-b-receipt.json
=== 2026-10-07T03:59:44Z STEP KB1
{"case":"KB1","utc":"2026-10-07T03:59:44.814Z","instrumentSha256":"928e823c2aa84bd2b2b3e194e772997245e6bf5971258d4339dc6da900e8f2bd","hexagonResidual":1.5779233923431831e-15,"hexagonDetuned10pctResidual":0.06726497308103754,"squareResidual":1.6653345369377348e-16,"pairResidual":1.5308084989341915e-17,"componentVsComplexWorstRelDiff":1.8701520819302583e-14,"pass":true}
=== 2026-10-07T03:59:44Z STEP KB2-export-wide
{"case":"KB2-export","utc":"2026-10-07T03:59:47.921Z","instrumentSha256":"928e823c2aa84bd2b2b3e194e772997245e6bf5971258d4339dc6da900e8f2bd","count":100000,"tiny":false,"file":".local-data/master-equation-closure/weber-binding-sphere/ring-b/kb2-enclosures.jsonl","PI_LO":3.141592653589793,"PI_HI":3.141592653589794}
=== 2026-10-07T03:59:47Z STEP KB2-export-tiny
{"case":"KB2-export","utc":"2026-10-07T03:59:50.858Z","instrumentSha256":"928e823c2aa84bd2b2b3e194e772997245e6bf5971258d4339dc6da900e8f2bd","count":100000,"tiny":true,"file":".local-data/master-equation-closure/weber-binding-sphere/ring-b/kb2-enclosures-tiny.jsonl","PI_LO":3.141592653589793,"PI_HI":3.141592653589794}
=== 2026-10-07T03:59:50Z STEP KB2-check-both-in-parallel
[heartbeat 04:00:00Z] kb2 wide:  | tiny: 
[heartbeat 04:00:10Z] kb2 wide: [heartbeat] points=5513 values=160982 jac=125700 failures=0 elapsed_s=10 | tiny: [heartbeat] points=5416 values=158152 jac=123492 failures=0 elapsed_s=10
[heartbeat 04:00:20Z] kb2 wide: [heartbeat] points=16583 values=484226 jac=378096 failures=0 elapsed_s=30 | tiny: [heartbeat] points=16384 values=478420 jac=373566 failures=0 elapsed_s=30
[heartbeat 04:00:30Z] kb2 wide: [heartbeat] points=25486 values=744196 jac=456000 failures=0 elapsed_s=40 | tiny: [heartbeat] points=24913 values=727462 jac=456000 failures=0 elapsed_s=40
[heartbeat 04:00:40Z] kb2 wide: [heartbeat] points=39589 values=1156006 jac=456000 failures=0 elapsed_s=50 | tiny: [heartbeat] points=38833 values=1133926 jac=456000 failures=0 elapsed_s=50
[heartbeat 04:00:50Z] kb2 wide: [heartbeat] points=53499 values=1562178 jac=456000 failures=0 elapsed_s=60 | tiny: [heartbeat] points=52631 values=1536830 jac=456000 failures=0 elapsed_s=60
[heartbeat 04:01:01Z] kb2 wide: [heartbeat] points=67814 values=1980176 jac=456000 failures=0 elapsed_s=70 | tiny: [heartbeat] points=66753 values=1949190 jac=456000 failures=0 elapsed_s=70
[heartbeat 04:01:11Z] kb2 wide: [heartbeat] points=81678 values=2385000 jac=456000 failures=0 elapsed_s=80 | tiny: [heartbeat] points=80400 values=2347680 jac=456000 failures=0 elapsed_s=80
[heartbeat 04:01:21Z] kb2 wide: [heartbeat] points=95979 values=2802594 jac=456000 failures=0 elapsed_s=90 | tiny: [heartbeat] points=94443 values=2757738 jac=456000 failures=0 elapsed_s=90
[heartbeat 04:01:31Z] kb2 wide: {"case": "KB2-enclosure", "points": 100000, "function_values_checked": 2920000, "jacobian_ | tiny: {"case": "KB2-enclosure", "points": 100000, "function_values_checked": 2920000, "jacobian_
=== 2026-10-07T04:01:31Z STEP KB2-result-wide
{"case": "KB2-enclosure", "points": 100000, "function_values_checked": 2920000, "jacobian_entries_checked": 456000, "failures": 0, "smallest_slack": 2.7584210645778023e-08, "pi_enclosure_ok": true, "elapsed_s": 92.9, "pass": true}
=== 2026-10-07T04:01:31Z STEP KB2-result-tiny
{"case": "KB2-enclosure", "points": 100000, "function_values_checked": 2920000, "jacobian_entries_checked": 456000, "failures": 0, "smallest_slack": 4.526433193968672e-16, "pi_enclosure_ok": true, "elapsed_s": 93.8, "pass": true}
=== 2026-10-07T04:01:31Z STEP lemma-checks
{ "L1_like_pair_identity_worst_rel_error": 7.695531353676665e-29, "L2_g_shape_violations": 0, "L2_samples": 20000, "L3_rho_monotone_violations": 0, "L3_rho_max": 0.9999999989719162, "L4_ratio_step_counterexamples": 0, "L4_samples": 181320, "chain": [  "1.0",  "1.154700538379251529018297561",  "1.3676708371059737927722340023",  "1.67547420075066957380710043308" ], "six_sum": "7.72021695172112021738816355969", "six_delta": "0.406930617783923381210223305597", "four_sum": "4.67707191386447685080882912431", "four_delta": "0.671700737437244424998629720837", "utc": "2026-10-07T04:01:38Z", "pass": true}
=== 2026-10-07T04:01:38Z STEP KB4
{"case":"KB4","utc":"2026-10-07T04:01:38.657Z","instrumentSha256":"928e823c2aa84bd2b2b3e194e772997245e6bf5971258d4339dc6da900e8f2bd","pass":true,"rows":[{"kind":"hexagon-inside","w":1e-12,"off":0.5,"e
=== 2026-10-07T04:01:38Z STEP KB2-two-member-unlike
[end 2026-10-07T04:01:38.741Z] case=n2unlike complete=true krawczyk=true contraction=0.006265915522110534 stats={"processed":5,"prunedDomain":0,"prunedSymmetry":0,"infeasible":0,"excludedNatural":2,"excludedMeanValue":0,"excludedUsign":0,"coveredByKrawczyk":1,"undecided":0,"maxDepth":2,"exclBy":{"T1":2},"elapsedSeconds":0.001} receipt=.local-data/master-equation-closure/weber-binding-sphere/ring-b/receipt-n2unlike.json
=== 2026-10-07T04:01:38Z STEP KB2-two-member-like
[end 2026-10-07T04:01:38.820Z] case=n2like complete=true krawczyk=n/a contraction=n/a stats={"processed":1,"prunedDomain":0,"prunedSymmetry":0,"infeasible":0,"excludedNatural":0,"excludedMeanValue":0,"excludedUsign":1,"coveredByKrawczyk":0,"undecided":0,"maxDepth":0,"exclBy":{"U1>0":1},"elapsedSeconds":0} receipt=.local-data/master-equation-closure/weber-binding-sphere/ring-b/receipt-n2like.json
=== 2026-10-07T04:01:38Z STEP KB3-four-member-alternating
[end 2026-10-07T04:01:38.904Z] case=n4alt complete=true krawczyk=true contraction=0.47831728861760003 stats={"processed":43,"prunedDomain":0,"prunedSymmetry":2,"infeasible":0,"excludedNatural":17,"excludedMeanValue":2,"excludedUsign":0,"coveredByKrawczyk":1,"undecided":0,"maxDepth":8,"exclBy":{"T2":5,"U2-U3":4,"T4":1,"T3":1,"U1-U2":2,"T1":6},"elapsedSeconds":0.002} receipt=.local-data/master-equation-closure/weber-binding-sphere/ring-b/receipt-n4alt.json
=== 2026-10-07T04:01:38Z STEP KB3-four-member-alternating-tangential-only
[end 2026-10-07T04:01:38.986Z] case=n4altTonly complete=true krawczyk=true contraction=0.47831728861760003 stats={"processed":85,"prunedDomain":1,"prunedSymmetry":9,"infeasible":0,"excludedNatural":28,"excludedMeanValue":4,"excludedUsign":0,"coveredByKrawczyk":1,"undecided":0,"maxDepth":11,"exclBy":{"T2":7,"T3":11,"T4":2,"T1":12},"elapsedSeconds":0.003} receipt=.local-data/master-equation-closure/weber-binding-sphere/ring-b/receipt-n4altTonly.json
=== 2026-10-07T04:01:38Z STEP KB3-four-member-block-margin-0.01
[end 2026-10-07T04:01:39.069Z] case=generic_++--_0.01 complete=true krawczyk=n/a contraction=n/a stats={"processed":123,"prunedDomain":22,"prunedSymmetry":0,"infeasible":0,"excludedNatural":40,"excludedMeanValue":0,"excludedUsign":0,"coveredByKrawczyk":0,"undecided":0,"maxDepth":21,"exclBy":{"T1":24,"T4":2,"T2":8,"T3":6},"elapsedSeconds":0.004} receipt=.local-data/master-equation-closure/weber-binding-sphere/ring-b/receipt-generic_++--_0.01.json
=== 2026-10-07T04:01:39Z STEP KB3-four-member-alternating-lemma-free-margin-0.01
[end 2026-10-07T04:01:39.166Z] case=generic_+-+-_0.01_polygonbox complete=true krawczyk=true contraction=0.47831728861760003 stats={"processed":1363,"prunedDomain":55,"prunedSymmetry":0,"infeasible":0,"excludedNatural":616,"excludedMeanValue":10,"excludedUsign":0,"coveredByKrawczyk":1,"undecided":0,"maxDepth":24,"exclBy":{"T2":166,"T1":127,"T4":14,"U3-U4":81,"T3":77,"U2-U3":61,"U1-U2":100},"elapsedSeconds":0.015} receipt=.local-data/master-equation-closure/weber-binding-sphere/ring-b/receipt-generic_+-+-_0.01_polygonbox.json
=== 2026-10-07T04:01:39Z STEP KB3-mpmath-iv-and-TARGET-mpmath-iv
[known] hexagon radial sum [-0.67264973081037423549085121949881036, -0.67264973081037423549085121949742986] closed form [-0.67264973081037423549085121949812011, -0.6726497308103742354908512194980215] overlap True
[start] word=+-+- delta=[0.6716999999999999999999999999999533, 0.67170000000000000000000000000005191] lower_bound_from_lemma=[0.67170073743724442499862972083709111, 0.67170073743724442499862972083709111] hi=[0.7853981633974493, 0.9068996821171099, 1.0741661635952835] krawczyk_ok=True contraction=0.4783172886175838
[end] {"word": "+-+-", "tangential_only": false, "delta": "[0.6716999999999999999999999999999533, 0.67170000000000000000000000000005191]", "lemma_lower_bound": "[0.67170073743724442499862972083709111, 0.67170073743724442499862972083709111]", "hi": [0.7853981633974493, 0.9068996821171099, 1.0741661635952835], "krawczyk_ok": true, "krawczyk_radius": 0.02, "krawczyk_image": [["[0.77798920939279752401077369247322206, 0.77798920939279752401077369247322206]", "[0.79280711740209909522054799916654321, 0.79280711740209909522054799916654321]"], ["[0.77583181762509662314124918181814154, 0.775831817625096
[start] word=+-+-+- delta=[0.40689999999999999999999999999995511, 0.40690000000000000000000000000000442] lower_bound_from_lemma=[0.40693061778392338121022330559650895, 0.40693061778392338121022330559650895] hi=[0.5235987755982998, 0.6045997880780736, 0.7161107757301893, 0.8772762400595899, 0.7161107757301893] krawczyk_ok=True contraction=0.3901147238098023
[heartbeat] word=+-+-+- processed=2734 stack=3 undecided=0 elapsed_s=10
[end] {"word": "+-+-+-", "tangential_only": false, "delta": "[0.40689999999999999999999999999995511, 0.40690000000000000000000000000000442]", "lemma_lower_bound": "[0.40693061778392338121022330559650895, 0.40693061778392338121022330559650895]", "hi": [0.5235987755982998, 0.6045997880780736, 0.7161107757301893, 0.8772762400595899, 0.7161107757301893], "krawczyk_ok": true, "krawczyk_radius": 0.005, "krawczyk_image": [["[0.52211060354615151927902561292177957, 0.52211060354615151927902561292177957]", "[0.52508694765044622687518884817156162, 0.52508694765044622687518884817156162]"], ["[0.5218313819
=== 2026-10-07T04:01:50Z STEP TARGET-six-member-alternating
[end 2026-10-07T04:01:50.307Z] case=n6alt complete=true krawczyk=true contraction=0.3901147238098503 stats={"processed":2941,"prunedDomain":5,"prunedSymmetry":382,"infeasible":0,"excludedNatural":790,"excludedMeanValue":293,"excludedUsign":0,"coveredByKrawczyk":1,"undecided":0,"maxDepth":28,"exclBy":{"T5":175,"T2":180,"T4":199,"U4-U5":52,"U3-U4":50,"T3":174,"T6":11,"U5-U6":6,"U2-U3":55,"T1":166,"U1-U2":15},"elapsedSeconds":0.04} receipt=.local-data/master-equation-closure/weber-binding-sphere/ring-b/receipt-n6alt.json
=== 2026-10-07T04:01:50Z STEP TARGET-six-member-alternating-tangential-only
[end 2026-10-07T04:01:50.445Z] case=n6altTonly complete=true krawczyk=true contraction=0.3901147238098503 stats={"processed":4083,"prunedDomain":6,"prunedSymmetry":511,"infeasible":0,"excludedNatural":1128,"excludedMeanValue":396,"excludedUsign":0,"coveredByKrawczyk":1,"undecided":0,"maxDepth":30,"exclBy":{"T5":285,"T2":262,"T4":338,"T3":296,"T6":33,"T1":310},"elapsedSeconds":0.055} receipt=.local-data/master-equation-closure/weber-binding-sphere/ring-b/receipt-n6altTonly.json
=== 2026-10-07T04:01:50Z STEP TARGET-mpmath-iv-tangential-only
[known] hexagon radial sum [-0.67264973081037423549085121949881036, -0.67264973081037423549085121949742986] closed form [-0.67264973081037423549085121949812011, -0.6726497308103742354908512194980215] overlap True
[start] word=+-+- delta=[0.6716999999999999999999999999999533, 0.67170000000000000000000000000005191] lower_bound_from_lemma=[0.67170073743724442499862972083709111, 0.67170073743724442499862972083709111] hi=[0.7853981633974493, 0.9068996821171099, 1.0741661635952835] krawczyk_ok=True contraction=0.4783172886175838
[end] {"word": "+-+-", "tangential_only": true, "delta": "[0.6716999999999999999999999999999533, 0.67170000000000000000000000000005191]", "lemma_lower_bound": "[0.67170073743724442499862972083709111, 0.67170073743724442499862972083709111]", "hi": [0.7853981633974493, 0.9068996821171099, 1.0741661635952835], "krawczyk_ok": true, "krawczyk_radius": 0.02, "krawczyk_image": [["[0.77798920939279752401077369247322206, 0.77798920939279752401077369247322206]", "[0.79280711740209909522054799916654321, 0.79280711740209909522054799916654321]"], ["[0.77583181762509662314124918181814154, 0.7758318176250966
[start] word=+-+-+- delta=[0.40689999999999999999999999999995511, 0.40690000000000000000000000000000442] lower_bound_from_lemma=[0.40693061778392338121022330559650895, 0.40693061778392338121022330559650895] hi=[0.5235987755982998, 0.6045997880780736, 0.7161107757301893, 0.8772762400595899, 0.7161107757301893] krawczyk_ok=True contraction=0.3901147238098023
[heartbeat] word=+-+-+- processed=3026 stack=7 undecided=0 elapsed_s=10
[end] {"word": "+-+-+-", "tangential_only": true, "delta": "[0.40689999999999999999999999999995511, 0.40690000000000000000000000000000442]", "lemma_lower_bound": "[0.40693061778392338121022330559650895, 0.40693061778392338121022330559650895]", "hi": [0.5235987755982998, 0.6045997880780736, 0.7161107757301893, 0.8772762400595899, 0.7161107757301893], "krawczyk_ok": true, "krawczyk_radius": 0.005, "krawczyk_image": [["[0.52211060354615151927902561292177957, 0.52211060354615151927902561292177957]", "[0.52508694765044622687518884817156162, 0.52508694765044622687518884817156162]"], ["[0.52183138195
=== 2026-10-07T04:02:04Z STEP CROSSCHECK-nonalternating-2112-margin-0.01
[end 2026-10-07T04:02:06.103Z] case=generic_++-+--_0.01 complete=true krawczyk=n/a contraction=n/a stats={"processed":127271,"prunedDomain":4369,"prunedSymmetry":0,"infeasible":0,"excludedNatural":52751,"excludedMeanValue":6516,"excludedUsign":0,"coveredByKrawczyk":0,"undecided":0,"maxDepth":43,"exclBy":{"T1":18926,"T6":10977,"T2":5667,"T5":2033,"T3":4938,"U3-U4":7521,"U4-U5":623,"U1-U2":3395,"T4":3681,"U2-U3":1237,"U5-U6":269},"elapsedSeconds":1.209} receipt=.local-data/master-equation-closure/weber-binding-sphere/ring-b/receipt-generic_++-+--_0.01.json
=== 2026-10-07T04:02:06Z STEP CROSSCHECK-nonalternating-block-margin-0.01
[end 2026-10-07T04:02:06.216Z] case=generic_+++---_0.01 complete=true krawczyk=n/a contraction=n/a stats={"processed":3235,"prunedDomain":265,"prunedSymmetry":0,"infeasible":0,"excludedNatural":1353,"excludedMeanValue":0,"excludedUsign":0,"coveredByKrawczyk":0,"undecided":0,"maxDepth":33,"exclBy":{"T3":107,"T1":577,"T6":333,"U1-U2":16,"U2-U3":35,"T2":57,"T4":136,"T5":34,"U4-U5":51,"U5-U6":7},"elapsedSeconds":0.034} receipt=.local-data/master-equation-closure/weber-binding-sphere/ring-b/receipt-generic_+++---_0.01.json
=== 2026-10-07T04:02:06Z STEP CROSSCHECK-alternating-lemma-free-margin-0.01
[end 2026-10-07T04:02:12.354Z] case=generic_+-+-+-_0.01_polygonbox complete=true krawczyk=true contraction=0.3901147238098503 stats={"processed":645637,"prunedDomain":30837,"prunedSymmetry":0,"infeasible":0,"excludedNatural":236525,"excludedMeanValue":55456,"excludedUsign":0,"coveredByKrawczyk":1,"undecided":0,"maxDepth":47,"exclBy":{"T1":35779,"T2":25079,"U3-U4":36420,"T3":66279,"T6":11271,"T4":53145,"U5-U6":10261,"U2-U3":13174,"T5":12937,"U4-U5":9180,"U1-U2":18456},"elapsedSeconds":6.057} receipt=.local-data/master-equation-closure/weber-binding-sphere/ring-b/receipt-generic_+-+-+-_0.01_polygonbox.json
=== 2026-10-07T04:02:12Z STEP CROSSCHECK-tangential-only-lemma-free-margin-0.01-2112
[end 2026-10-07T04:02:14.543Z] case=generic_++-+--_0.01_tangentialonly complete=true krawczyk=n/a contraction=n/a stats={"processed":252765,"prunedDomain":4651,"prunedSymmetry":0,"infeasible":0,"excludedNatural":102127,"excludedMeanValue":19605,"excludedUsign":0,"coveredByKrawczyk":0,"undecided":0,"maxDepth":43,"exclBy":{"T1":44220,"T6":21743,"T2":21695,"T5":8791,"T3":12449,"T4":12834},"elapsedSeconds":2.104} receipt=.local-data/master-equation-closure/weber-binding-sphere/ring-b/receipt-generic_++-+--_0.01_tangentialonly.json
=== 2026-10-07T04:02:14Z STEP CROSSCHECK-tangential-only-lemma-free-margin-0.01-block
[end 2026-10-07T04:02:14.666Z] case=generic_+++---_0.01_tangentialonly complete=true krawczyk=n/a contraction=n/a stats={"processed":3757,"prunedDomain":265,"prunedSymmetry":0,"infeasible":0,"excludedNatural":1614,"excludedMeanValue":0,"excludedUsign":0,"coveredByKrawczyk":0,"undecided":0,"maxDepth":33,"exclBy":{"T3":167,"T1":720,"T6":386,"T2":83,"T4":209,"T5":49},"elapsedSeconds":0.038} receipt=.local-data/master-equation-closure/weber-binding-sphere/ring-b/receipt-generic_+++---_0.01_tangentialonly.json
=== 2026-10-07T04:02:14Z STEP CROSSCHECK-tangential-only-lemma-free-margin-0.01-alternating
[end 2026-10-07T04:02:33.135Z] case=generic_+-+-+-_0.01_polygonbox_tangentialonly complete=true krawczyk=true contraction=0.3901147238098503 stats={"processed":1760681,"prunedDomain":72112,"prunedSymmetry":0,"infeasible":0,"excludedNatural":670034,"excludedMeanValue":138194,"excludedUsign":0,"coveredByKrawczyk":1,"undecided":0,"maxDepth":53,"exclBy":{"T1":176867,"T2":140396,"T3":213209,"T6":51842,"T4":162689,"T5":63225},"elapsedSeconds":18.388} receipt=.local-data/master-equation-closure/weber-binding-sphere/ring-b/receipt-generic_+-+-+-_0.01_polygonbox_tangentialonly.json
=== 2026-10-07T04:02:33Z STEP done
