warning: garbage found: .git/objects/06/tmp_obj_mkoRK6
warning: garbage found: .git/objects/0a/tmp_obj_CZt5T0
warning: garbage found: .git/objects/0d/tmp_obj_WU5Ce6
warning: garbage found: .git/objects/2e/tmp_obj_6JxLP5
warning: garbage found: .git/objects/36/tmp_obj_kGOimT
warning: garbage found: .git/objects/43/tmp_obj_Mxyyu6
warning: garbage found: .git/objects/47/tmp_obj_ItXFF5
warning: garbage found: .git/objects/52/tmp_obj_ajLd01
warning: garbage found: .git/objects/5b/tmp_obj_oVkFDj
warning: garbage found: .git/objects/74/tmp_obj_oSNzQV
warning: garbage found: .git/objects/74/tmp_obj_8cqV3n
warning: garbage found: .git/objects/7b/tmp_obj_grPt8n
warning: garbage found: .git/objects/81/tmp_obj_kHivxn
warning: garbage found: .git/objects/83/tmp_obj_5bEcls
warning: garbage found: .git/objects/8d/tmp_obj_KKPudo
warning: garbage found: .git/objects/92/tmp_obj_0Ukcin
warning: garbage found: .git/objects/97/tmp_obj_YRFeO5
warning: garbage found: .git/objects/b1/tmp_obj_ays8g6
warning: garbage found: .git/objects/b1/tmp_obj_KEECVn
warning: garbage found: .git/objects/b1/tmp_obj_8dV9AX
warning: garbage found: .git/objects/dd/tmp_obj_Erhn4j
warning: garbage found: .git/objects/df/tmp_obj_4H92VH
warning: garbage found: .git/objects/e9/tmp_obj_K7tavU
warning: garbage found: .git/objects/ea/tmp_obj_MOLIRU
warning: garbage found: .git/objects/f4/tmp_obj_wz9zYj
warning: garbage found: .git/objects/f9/tmp_obj_kngb5m
warning: garbage found: .git/objects/fb/tmp_obj_iBKxGX
warning: garbage found: .git/objects/fd/tmp_obj_wEUZh1
