test_bootstrap_same_fd_changed_source_and_cleanup (test_f6c_parent_emission_refinement_preparation.CaptureTests.test_bootstrap_same_fd_changed_source_and_cleanup) ... ok
test_capture_duplicate_conflict_and_role_size (test_f6c_parent_emission_refinement_preparation.CaptureTests.test_capture_duplicate_conflict_and_role_size) ... ok
test_capture_upgrade_growth_truncation_replacement_symlink (test_f6c_parent_emission_refinement_preparation.CaptureTests.test_capture_upgrade_growth_truncation_replacement_symlink) ... ok
test_captured_package_real_public_history_generation_cleanup (test_f6c_parent_emission_refinement_preparation.CaptureTests.test_captured_package_real_public_history_generation_cleanup) ... ok
test_final_recapture_growth_truncation_alias_and_deadline_reject (test_f6c_parent_emission_refinement_preparation.CaptureTests.test_final_recapture_growth_truncation_alias_and_deadline_reject) ... ok
test_final_recapture_original_generation_and_descriptor_cleanup (test_f6c_parent_emission_refinement_preparation.CaptureTests.test_final_recapture_original_generation_and_descriptor_cleanup) ... ok
test_private_module_execution_is_captured_and_removed (test_f6c_parent_emission_refinement_preparation.CaptureTests.test_private_module_execution_is_captured_and_removed) ... ok
test_ancestry_stage_observation_and_source_mutations (test_f6c_parent_emission_refinement_preparation.HistoricalChainTests.test_ancestry_stage_observation_and_source_mutations) ... ok
test_independently_derived198_full_source_union (test_f6c_parent_emission_refinement_preparation.HistoricalChainTests.test_independently_derived198_full_source_union) ... ok
test_owner_is_attributed_versioned_whole_completion_not_prepublication (test_f6c_parent_emission_refinement_preparation.HistoricalChainTests.test_owner_is_attributed_versioned_whole_completion_not_prepublication) ... ERROR
test_late_source_runtime_package_watch_and_stdout_failures_retain (test_f6c_parent_emission_refinement_preparation.MainPathTests.test_late_source_runtime_package_watch_and_stdout_failures_retain) ... ok
test_partial_stream_construction_closes_every_open_descriptor (test_f6c_parent_emission_refinement_preparation.MainPathTests.test_partial_stream_construction_closes_every_open_descriptor) ... ok
test_positive_main_after_package_capture_and_watch_cleanup (test_f6c_parent_emission_refinement_preparation.MainPathTests.test_positive_main_after_package_capture_and_watch_cleanup) ... ok
test_runtime_is_admitted_before_proposer_entry (test_f6c_parent_emission_refinement_preparation.MainPathTests.test_runtime_is_admitted_before_proposer_entry) ... ok
test_selected_parent_two_reaches_projection_and_completion (test_f6c_parent_emission_refinement_preparation.MainPathTests.test_selected_parent_two_reaches_projection_and_completion) ... ok
test_silent_source_plan_and_runtime_cleanup_changes_withhold_completion (test_f6c_parent_emission_refinement_preparation.MainPathTests.test_silent_source_plan_and_runtime_cleanup_changes_withhold_completion) ... ok
test_all_original_parent_indices_and_scopes_are_explicit (test_f6c_parent_emission_refinement_preparation.PlanTests.test_all_original_parent_indices_and_scopes_are_explicit) ... ok
test_budget_and_exact_token_bounds_before_fraction (test_f6c_parent_emission_refinement_preparation.PlanTests.test_budget_and_exact_token_bounds_before_fraction) ... ok
test_closed_plan_changes_rejected (test_f6c_parent_emission_refinement_preparation.PlanTests.test_closed_plan_changes_rejected) ... ok
test_closed_plan_subject_census_and_owner_is_plan_selected (test_f6c_parent_emission_refinement_preparation.PlanTests.test_closed_plan_subject_census_and_owner_is_plan_selected) ... FAIL
test_no_duplicate_canonical_execution_sources (test_f6c_parent_emission_refinement_preparation.PlanTests.test_no_duplicate_canonical_execution_sources) ... ok
test_parser_role_limits_and_science_unchanged (test_f6c_parent_emission_refinement_preparation.PlanTests.test_parser_role_limits_and_science_unchanged) ... ok
test_record_fields_match_unchanged_proposer_and_comparator (test_f6c_parent_emission_refinement_preparation.PlanTests.test_record_fields_match_unchanged_proposer_and_comparator) ... ok
test_complete_original_membership_exact_parent_generation (test_f6c_parent_emission_refinement_preparation.ProjectionTests.test_complete_original_membership_exact_parent_generation) ... ok
test_global_identity_not_cell_zero_or_local_relabel (test_f6c_parent_emission_refinement_preparation.ProjectionTests.test_global_identity_not_cell_zero_or_local_relabel) ... ok
test_missing_history_frame_and_tail_census_rejected (test_f6c_parent_emission_refinement_preparation.ProjectionTests.test_missing_history_frame_and_tail_census_rejected) ... ok
test_original_allowance_tokens_change_full_generation_not_compact_digest (test_f6c_parent_emission_refinement_preparation.ProjectionTests.test_original_allowance_tokens_change_full_generation_not_compact_digest) ... ok
test_parent_piece_closed_boundary_and_nonparent_identity (test_f6c_parent_emission_refinement_preparation.ProjectionTests.test_parent_piece_closed_boundary_and_nonparent_identity) ... ok
test_project_has_no_numerical_or_io_call_path (test_f6c_parent_emission_refinement_preparation.ProjectionTests.test_project_has_no_numerical_or_io_call_path) ... ok
test_selected_parent_explicit_index_and_closed_coverage_rejection (test_f6c_parent_emission_refinement_preparation.ProjectionTests.test_selected_parent_explicit_index_and_closed_coverage_rejection) ... ok
test_selected_zero_two_last_parent_exact_original_tokens (test_f6c_parent_emission_refinement_preparation.ProjectionTests.test_selected_zero_two_last_parent_exact_original_tokens) ... ok
test_self_absence_and_positive_bound_requirements (test_f6c_parent_emission_refinement_preparation.ProjectionTests.test_self_absence_and_positive_bound_requirements) ... ok
test_declared_stage_allowance_and_retained_original_descriptors (test_f6c_parent_emission_refinement_preparation.PublicationTests.test_declared_stage_allowance_and_retained_original_descriptors) ... ok
test_durable_query_ack_and_pending_fsync_failure (test_f6c_parent_emission_refinement_preparation.PublicationTests.test_durable_query_ack_and_pending_fsync_failure) ... ok
test_four_public_private_links_aggregate_and_retained_failed_output (test_f6c_parent_emission_refinement_preparation.PublicationTests.test_four_public_private_links_aggregate_and_retained_failed_output) ... ok
test_ndjson_exact_eof_and_null_tail (test_f6c_parent_emission_refinement_preparation.PublicationTests.test_ndjson_exact_eof_and_null_tail) ... ok
test_private_same_bytes_replacement_with_foreign_hardlink_rejects (test_f6c_parent_emission_refinement_preparation.PublicationTests.test_private_same_bytes_replacement_with_foreign_hardlink_rejects) ... ok
test_publication_path_replacement_and_late_deadline (test_f6c_parent_emission_refinement_preparation.PublicationTests.test_publication_path_replacement_and_late_deadline) ... ok
test_quota_counts_private_bytes_and_unknown_sidecars (test_f6c_parent_emission_refinement_preparation.PublicationTests.test_quota_counts_private_bytes_and_unknown_sidecars) ... ok
test_success_layout_rejects_extra_private_or_public_files (test_f6c_parent_emission_refinement_preparation.PublicationTests.test_success_layout_rejects_extra_private_or_public_files) ... ok

======================================================================
ERROR: test_owner_is_attributed_versioned_whole_completion_not_prepublication (test_f6c_parent_emission_refinement_preparation.HistoricalChainTests.test_owner_is_attributed_versioned_whole_completion_not_prepublication)
----------------------------------------------------------------------
Traceback (most recent call last):
  File "/Users/markmorris/vibe/architrino/tests/test_f6c_parent_emission_refinement_preparation.py", line 473, in test_owner_is_attributed_versioned_whole_completion_not_prepublication
    raw='\n'.join(tokens).encode();self.assertEqual(s.owner_declaration(raw),s.closure_premise())
                                                    ~~~~~~~~~~~~~~~~~~~^^^^^
  File "/Users/markmorris/vibe/architrino/scripts/eom/prepare-f6c-parent-emission-refinement.py", line 484, in owner_declaration
    require(text.count(heading)==1,'unique full owner section');section=text.split(heading,1)[1].split('\n### ',1)[0]
    ~~~~~~~^^^^^^^^^^^^^^^^^^^^^^^^^^^^^^^^^^^^^^^^^^^^^^^^^^^^
  File "/Users/markmorris/vibe/architrino/scripts/eom/prepare-f6c-parent-emission-refinement.py", line 118, in require
    if not condition: raise ValueError(message)
                      ^^^^^^^^^^^^^^^^^^^^^^^^^
ValueError: unique full owner section

======================================================================
FAIL: test_closed_plan_subject_census_and_owner_is_plan_selected (test_f6c_parent_emission_refinement_preparation.PlanTests.test_closed_plan_subject_census_and_owner_is_plan_selected)
----------------------------------------------------------------------
Traceback (most recent call last):
  File "/Users/markmorris/vibe/architrino/tests/test_f6c_parent_emission_refinement_preparation.py", line 197, in test_closed_plan_subject_census_and_owner_is_plan_selected
    self.assertEqual(len(sources),23);self.assertEqual(len(s.PLAN_KEYS),20);self.assertEqual(len(s.MANIFEST_KEYS),27);self.assertEqual(len(s.COMPLETION_KEYS),15)
                                      ~~~~~~~~~~~~~~~~^^^^^^^^^^^^^^^^^^^^^
AssertionError: 21 != 20

----------------------------------------------------------------------
Ran 40 tests in 33.059s

FAILED (failures=1, errors=1)
