{
  "historicalSourceCount": 198,
  "physicalSourceCount": 207,
  "historicalEvidenceVerification": {
    "schema": "braid-program/retained-historical-evidence.v1",
    "retainedScientificBytesVerified": true,
    "recordedProvenanceVerified": true,
    "fullOriginalEnvironmentVerified": false,
    "unavailableHistoricalEnvironment": [
      {
        "path": "/bin/ps",
        "sha256": "472992c470606d28f577590decfecd7f4a20f832fd92c671bebc6d44790b5d02",
        "bytes": 170816
      },
      {
        "path": "/usr/bin/git",
        "sha256": "179301dcb41ea78accc3fa0048a7e6f6710d891945a751a34addd622020c1818",
        "bytes": 118928
      },
      {
        "path": "/usr/bin/memory_pressure",
        "sha256": "a1668e28505400a9e09ab9b2bd2558f04d038152dfdb05826576a0a0aa27fe56",
        "bytes": 135248
      }
    ],
    "authority": "retained artifacts and recorded conditional provenance only; no fresh historical observation or replay"
  },
  "elapsedSeconds": 1.9110283330082893
}
