✔ literal positive: external closure is a distinct non-scientific result (3.019791ms)
✔ pending-only, bad exit, late completion, guard and lock gaps reject (0.838375ms)
✔ wrong invocation, incomplete stage and substituted sources/outputs reject (0.575833ms)
✔ escaped stage/observer processes and retained owned groups reject (1.019208ms)
✔ resource, host capacity, missing guard acknowledgement and log loss reject (0.44125ms)
✔ real same-descriptor capture rejects wrong bytes and identical replacement (1.631209ms)
✔ process snapshot parser requires complete unambiguous identity rows (0.365166ms)
✔ immutable exact resource limits and inert stage plan (6.257167ms)
✔ source union retains exact generations and unchanged physical limits (1.626958ms)
✔ source capture rejects source replacement and duplicate hardlinks (4.015125ms)
✔ first plan/self/helper captures remain original through later capture (1.4455ms)
✔ every physical output counted and only explicit publication alias accepted (3.621583ms)
✔ output count, byte, disappearance, directory and symlink controls (2.131875ms)
✔ empty stage logs hash successfully without becoming valid source bindings (0.678333ms)
✔ output directory identity and finite file census are retained (63.761125ms)
✔ registered descendants are distinguished from competing science (0.35325ms)
✔ prior stdout dataflow binds one predecessor and counts appended arguments (0.383583ms)
✔ write-once operation receipt retains foreign bytes and obeys deadline callback (15.133875ms)
✔ production entries reject absent or invented actual lifetime before any work (0.593167ms)
✔ direct CLI has exact flags, absolute plan and explicit hashes (0.138458ms)
✔ created receipt cannot be replaced with byte-identical foreign output (1.007125ms)
✔ one public file cannot satisfy both sides of a publication alias (1.371208ms)
✔ pure hook guards block ordinary and low-level process creation (0.483625ms)
✔ renewed-clock cleanup interface has no unguarded fallback (0.061292ms)
✔ writer optional original identity is exact and default binding remains clean (18.295125ms)
✔ writer rejects every non-Boolean option before opening output (0.749584ms)
✔ initial output fstat exception closes original descriptor and retains path (1.509916ms)
✔ publication original token is inserted before first observation and cannot be replaced (1.988708ms)
✔ literal inherited clock cutoffs and conservative bridge use no real worker (0.962041ms)
✔ ready acknowledgment is exact and failure never turns back into work success (0.696042ms)
✔ full H worker promise remains pending through termination and rejected closure stays unresolved (1.769709ms)
✔ fixed control profile contracts every nested cutoff without altering science limits (0.401833ms)
✔ finite control CLI accepts no arbitrary duration or mixed-mode fallback (0.391167ms)
✔ actual unexpected guard-exit event marks local failure and only exits self (0.401333ms)
✔ scoped stderr charges outward copies and waits for actual callbacks (0.460083ms)
✔ verified empty output log has an identity without becoming a positive-byte source (0.540875ms)
✔ lost RSS gap remains failure while a bounded cleanup observation is scheduled (0.360708ms)
✔ publication and raw rejection log quotas reject before output creation (0.390584ms)
✔ v2 prior declaration is closed and may name its already captured plan (1.032958ms)
✔ prior context derives literal byte totals and rejects aliases and uncaptured identities (0.186083ms)
✔ prior files remain inputs across repeated census and exact generation checks (13.582ms)
✔ literal combined limits include old bytes and current outward traffic without accumulation (2.87875ms)
✔ combined path reserve precedes initial logs, publication and registered logs (0.42525ms)
✔ fixed math census/limits and source pins remain unchanged (3.053208ms)
✔ closed JSON parser rejects duplicate keys/trailing syntax/unsafe integers (0.684166ms)
✔ data-only planmaker gives exact3/4/5 producer/comparison order and alias layout (0.682084ms)
✔ data-only parent plans preserve every original mathematical/ancestry token (0.794542ms)
✔ batch validates explicit order and rejects changed stages/aliases/roots (3.269459ms)
✔ registered args require original deadline, captured plan and immediate prior context (0.31675ms)
✔ duration transfer cannot reset original1800s or compare epochs (0.119166ms)
✔ hook leaves completion binding ownership to frozen coordinator (0.230542ms)
✔ exact historical tuples are separate logical/physical bindings (0.483667ms)
✔ eight publication paths count four inodes; replacement/third alias reject (4.533125ms)
✔ original metadata retains nonuniform exact endpoint tokens (2.796167ms)
✔ thin batch source contains no legacy supervisor or output deletion (0.2355ms)
✔ exact CLI flags and hashes; captured imports do not execute CLI (1.093291ms)
✔ pure plan preparation yields original3/4/5 tokens and40MiB commitment (48.567458ms)
✔ closed source/configuration/identity/schema/census mutations reject (54.141917ms)
✔ only actually consumed exact historical document routes admit (37.407292ms)
✔ expanded runtime cannot exceed downstream one-MiB plan consumer bound (103.138959ms)
✔ exclusive publication retains original descriptors until closure (8.037ms)
✔ byte-identical replacement and final callback replacement reject and retain (11.407292ms)
✔ deadline/callback failures retain bytes and close all owned descriptors (5.001ms)
✔ post-open fstat failure closes unregistered file and directory descriptors (0.786208ms)
✔ programmatic foreground ownership returns the same closed lease without changing caller exit status (167.378708ms)
✔ foreground compute records exact ownership and closes its process group (284.626375ms)
✔ an invalid command produces an immediate closed failure lease (227.629625ms)
✔ detached compute supports authenticated handoff and controlled stop (664.170958ms)
✔ a detached run cannot outlive its declared deadline (1099.998625ms)
✔ a lost supervisor leaves an exactly identifiable group that can be reconciled (355.185334ms)
✔ identity mismatch refuses a historical or reused PID (63.94025ms)
✔ prune applies only to old closed terminal records (62.087ms)
✔ prune is a dry-run unless apply is explicit (61.783375ms)
✔ prune requires an explicit age threshold (58.126125ms)
✔ prune retains terminal records newer than the explicit age (61.41075ms)
✔ prune retains nonterminal records (60.935041ms)
✔ prune refuses a declared log path outside owned-compute state (61.646167ms)
✔ prune refuses a symlinked deletion target (63.562917ms)
✔ prune retains identity-uncertain compute without signaling it (64.100583ms)
ℹ tests 79
ℹ suites 0
ℹ pass 79
ℹ fail 0
ℹ cancelled 0
ℹ skipped 0
ℹ todo 0
ℹ duration_ms 3453.467458
