retained fixture /private/var/folders/y8/6b6hk2ld5rl_b9dh0xzf0yr00000gn/T/f6c-stream-NQ8AGP
✖ version-five retained selection reaches adapter and frozen stream metadata (1494.804667ms)
retained fixture /private/var/folders/y8/6b6hk2ld5rl_b9dh0xzf0yr00000gn/T/f6c-stream-bLpXOA
✔ unconsumed retained physical source rejects before first provider call (1191.273167ms)
ℹ tests 2
ℹ suites 0
ℹ pass 1
ℹ fail 1
ℹ cancelled 0
ℹ skipped 0
ℹ todo 0
ℹ duration_ms 2768.265791

✖ failing tests:

test at tests/f6c-streamed-leaf-diagnostic.test.js:917:1
✖ version-five retained selection reaches adapter and frozen stream metadata (1494.804667ms)
  AssertionError [ERR_ASSERTION]: Expected values to be strictly equal:
  + actual - expected
  
  + undefined
  - false
  
      at TestContext.<anonymous> (file:///Users/markmorris/vibe/architrino/tests/f6c-streamed-leaf-diagnostic.test.js:922:10)
      at async Test.run (node:internal/test_runner/test:1389:7)
      at async startSubtestAfterBootstrap (node:internal/test_runner/harness:387:3) {
    generatedMessage: true,
    code: 'ERR_ASSERTION',
    actual: undefined,
    expected: false,
    operator: 'strictEqual',
    diff: 'simple'
  }
