TAP version 13
# retained fixture /private/var/folders/y8/6b6hk2ld5rl_b9dh0xzf0yr00000gn/T/f6c-stream-ueHoDF
# Subtest: active monitor rejection retains first failure after owned cancellation
ok 1 - active monitor rejection retains first failure after owned cancellation
  ---
  duration_ms: 1845.912042
  type: 'test'
  ...
# retained fixture /private/var/folders/y8/6b6hk2ld5rl_b9dh0xzf0yr00000gn/T/f6c-stream-mvDdH1
# Subtest: active private-growth rejection retains first failure after owned cancellation
ok 2 - active private-growth rejection retains first failure after owned cancellation
  ---
  duration_ms: 16103.464458
  type: 'test'
  ...
1..2
# tests 2
# suites 0
# pass 2
# fail 0
# cancelled 0
# skipped 0
# todo 0
# duration_ms 18046.528083
