{
  "outputPath": "actual-interpolation.json",
  "accepted": true,
  "enclosure": {
    "squareRootIntervalCalls": 24769,
    "minimumSquareRootInputLowerBound": 0.028432685765938433,
    "globalFourthDerivativeBound": 0.286965499706333,
    "maximumPositionMagnitude": 0.31000000000000005,
    "maximumVelocityMagnitude": 0.17514839579186464,
    "binary64RoundoffPosition": 1.4210854715202004e-14,
    "binary64RoundoffVelocity": 1.4210854715202004e-14,
    "positionWidth": 1.528724905003159e-10,
    "velocityWidth": 2.866983034112353e-7,
    "maximumObservedPositionResidual": 8.107559068548653e-11,
    "maximumObservedVelocityResidual": 1.2485302874898352e-8,
    "positionSlackRatio": 1.8855550629701652,
    "velocitySlackRatio": 22.962863318890008
  },
  "denseBugCheck": {
    "exactEvaluations": 786432,
    "nonFiniteCount": 0,
    "positionEscapeCount": 0,
    "velocityEscapeCount": 0,
    "pass": true
  },
  "falsifiers": {
    "sourceMismatch": false,
    "primitiveControlFailure": false,
    "nonpositiveSquareRootInterval": false,
    "infiniteInterval": false,
    "densePositionEscape": false,
    "denseVelocityEscape": false
  }
}
