✖ regular-byte capture passes a known byte and digest control before real inputs (2.207375ms)
✔ missing, duplicate, wrong-identity and unsafe destinations cannot create an execution root (0.402208ms)
ℹ tests 2
ℹ suites 0
ℹ pass 1
ℹ fail 1
ℹ cancelled 0
ℹ skipped 0
ℹ todo 0
ℹ duration_ms 84.246417

✖ failing tests:

test at tests/f5-original-input-tree.test.js:9:1
✖ regular-byte capture passes a known byte and digest control before real inputs (2.207375ms)
  Error: symlinked input: /var/folders/y8/6b6hk2ld5rl_b9dh0xzf0yr00000gn/T/f5-input-control-CGgxK7/known
      at readF5RegularBytes (file:///Users/markmorris/vibe/architrino/scripts/eom/prepare-f5-original-input-tree.mjs:46:64)
      at TestContext.<anonymous> (file:///Users/markmorris/vibe/architrino/tests/f5-original-input-tree.test.js:14:19)
      at Test.runInAsyncScope (node:async_hooks:226:14)
      at Test.run (node:internal/test_runner/test:1382:25)
      at Test.start (node:internal/test_runner/test:1242:17)
      at startSubtestAfterBootstrap (node:internal/test_runner/harness:387:17)
