TAP version 13
# Subtest: known lossless gzip bytes and SHA precede target preparation
ok 1 - known lossless gzip bytes and SHA precede target preparation
  ---
  duration_ms: 1.980459
  type: 'test'
  ...
# Subtest: known 8 prior produces complete 32 chain only after review
ok 2 - known 8 prior produces complete 32 chain only after review
  ---
  duration_ms: 1.042875
  type: 'test'
  ...
# Subtest: known 32 prior produces complete 128 chain only after review
ok 3 - known 32 prior produces complete 128 chain only after review
  ---
  duration_ms: 0.729791
  type: 'test'
  ...
# Subtest: wrong closure, evidence digest, secret projection, scope and projection reject
ok 4 - wrong closure, evidence digest, secret projection, scope and projection reject
  ---
  duration_ms: 2.007625
  type: 'test'
  ...
# Subtest: finalizer rejects changed embedded terminal and phase evidence and oversized review
ok 5 - finalizer rejects changed embedded terminal and phase evidence and oversized review
  ---
  duration_ms: 1.132042
  type: 'test'
  ...
1..5
# tests 5
# suites 0
# pass 5
# fail 0
# cancelled 0
# skipped 0
# todo 0
# duration_ms 94.379333
