TAP version 13
# Subtest: resource admission has separate launch and running thresholds
ok 1 - resource admission has separate launch and running thresholds
  ---
  duration_ms: 0.923791
  type: 'test'
  ...
# Subtest: bounded binding and exclusive output reject substitutions
ok 2 - bounded binding and exclusive output reject substitutions
  ---
  duration_ms: 1.293917
  type: 'test'
  ...
# Subtest: synthetic build admission requires exact gate and completion census
ok 3 - synthetic build admission requires exact gate and completion census
  ---
  duration_ms: 15.460916
  type: 'test'
  ...
# Subtest: final publication enforces deadline and does not overwrite
ok 4 - final publication enforces deadline and does not overwrite
  ---
  duration_ms: 35.692625
  type: 'test'
  ...
# Subtest: finalization keeps monitoring and stores captured source closure
ok 5 - finalization keeps monitoring and stores captured source closure
  ---
  duration_ms: 0.198125
  type: 'test'
  ...
# Subtest: aborted inspection rejects once, then leaves real inspection available for cleanup
ok 6 - aborted inspection rejects once, then leaves real inspection available for cleanup
  ---
  duration_ms: 1.06925
  type: 'test'
  ...
# Subtest: interruption during first inspection creates no bootstrap or target ACK
ok 7 - interruption during first inspection creates no bootstrap or target ACK
  ---
  duration_ms: 19.71025
  type: 'test'
  ...
# Subtest: interruption at bootstrap inspection prevents target ACK and permits validated owned cleanup
ok 8 - interruption at bootstrap inspection prevents target ACK and permits validated owned cleanup
  ---
  duration_ms: 10169.888833
  type: 'test'
  ...
# Subtest: interruption at first target gate inspection prevents target ACK and permits validated owned cleanup
ok 9 - interruption at first target gate inspection prevents target ACK and permits validated owned cleanup
  ---
  duration_ms: 540.154542
  type: 'test'
  ...
1..9
# tests 9
# suites 0
# pass 9
# fail 0
# cancelled 0
# skipped 0
# todo 0
# duration_ms 10955.616541
