test_adaptive_checkpoint_honors_cumulative_run_limits_and_callbacks (test_eom_native_coupled_evolution.NativeCoupledEvolutionTests.test_adaptive_checkpoint_honors_cumulative_run_limits_and_callbacks) ... ok
test_adaptive_checkpoint_preserves_every_history_token_not_only_endpoint (test_eom_native_coupled_evolution.NativeCoupledEvolutionTests.test_adaptive_checkpoint_preserves_every_history_token_not_only_endpoint) ... ok
test_adaptive_checkpoint_rejects_incomplete_legacy_format_and_tampering (test_eom_native_coupled_evolution.NativeCoupledEvolutionTests.test_adaptive_checkpoint_rejects_incomplete_legacy_format_and_tampering) ... ok
test_adaptive_checkpoint_restores_exact_growth_decisions_at_three_cuts (test_eom_native_coupled_evolution.NativeCoupledEvolutionTests.test_adaptive_checkpoint_restores_exact_growth_decisions_at_three_cuts) ... ok
test_adaptive_controller_halves_rejected_step_before_publication (test_eom_native_coupled_evolution.NativeCoupledEvolutionTests.test_adaptive_controller_halves_rejected_step_before_publication) ... ok
test_adaptive_controller_recovers_step_and_reuses_accepted_snapshot (test_eom_native_coupled_evolution.NativeCoupledEvolutionTests.test_adaptive_controller_recovers_step_and_reuses_accepted_snapshot) ... ok
test_adaptive_restart_counters_reject_run_limit_overflow (test_eom_native_coupled_evolution.NativeCoupledEvolutionTests.test_adaptive_restart_counters_reject_run_limit_overflow) ... ok
test_adaptive_restart_memory_rejects_invalid_modes_and_overflow (test_eom_native_coupled_evolution.NativeCoupledEvolutionTests.test_adaptive_restart_memory_rejects_invalid_modes_and_overflow) ... ok
test_adaptive_restart_memory_survives_pre_step_resource_halt (test_eom_native_coupled_evolution.NativeCoupledEvolutionTests.test_adaptive_restart_memory_survives_pre_step_resource_halt) ... ok
test_adaptive_restart_preserves_capped_counts_without_saturation (test_eom_native_coupled_evolution.NativeCoupledEvolutionTests.test_adaptive_restart_preserves_capped_counts_without_saturation) ... ok
test_binary_step_uses_one_immutable_coupled_state_and_matches_oracle (test_eom_native_coupled_evolution.NativeCoupledEvolutionTests.test_binary_step_uses_one_immutable_coupled_state_and_matches_oracle) ... ok
test_borg_16_interval_reports_history_boundary_instead_of_regulator_failure (test_eom_native_coupled_evolution.NativeCoupledEvolutionTests.test_borg_16_interval_reports_history_boundary_instead_of_regulator_failure) ... ok
test_bounded_population_long_horizon_packet_crosses_transit_and_refines (test_eom_native_coupled_evolution.NativeCoupledEvolutionTests.test_bounded_population_long_horizon_packet_crosses_transit_and_refines) ... ok
test_bounded_population_thread_benchmark_modes_are_byte_identical (test_eom_native_coupled_evolution.NativeCoupledEvolutionTests.test_bounded_population_thread_benchmark_modes_are_byte_identical) ... ok
test_certificate_cost_feedback_adjusts_before_mpfr_once (test_eom_native_coupled_evolution.NativeCoupledEvolutionTests.test_certificate_cost_feedback_adjusts_before_mpfr_once) ... ok
test_certified_correction_retry_scales_from_the_failed_residual (test_eom_native_coupled_evolution.NativeCoupledEvolutionTests.test_certified_correction_retry_scales_from_the_failed_residual) ... ok
test_certified_traversal_feeds_far_field_then_exact_fallback (test_eom_native_coupled_evolution.NativeCoupledEvolutionTests.test_certified_traversal_feeds_far_field_then_exact_fallback) ... ok
test_checkpoint_roundtrip_is_atomic_tamper_evident_and_continuous (test_eom_native_coupled_evolution.NativeCoupledEvolutionTests.test_checkpoint_roundtrip_is_atomic_tamper_evident_and_continuous) ... ok
test_continuous_adaptive_controller_uses_bounded_error_scaled_steps (test_eom_native_coupled_evolution.NativeCoupledEvolutionTests.test_continuous_adaptive_controller_uses_bounded_error_scaled_steps) ... ok
test_cooperative_cancellation_stops_only_at_resumable_boundary (test_eom_native_coupled_evolution.NativeCoupledEvolutionTests.test_cooperative_cancellation_stops_only_at_resumable_boundary) ... ok
test_coupled_snapshot_consumes_certified_traversal_exclusions (test_eom_native_coupled_evolution.NativeCoupledEvolutionTests.test_coupled_snapshot_consumes_certified_traversal_exclusions) ... ok
test_cubic_tangency_departure_is_endpoint_continuation_not_fold (test_eom_native_coupled_evolution.NativeCoupledEvolutionTests.test_cubic_tangency_departure_is_endpoint_continuation_not_fold) ... ok
test_far_field_enclosure_contains_independent_static_pair_law (test_eom_native_coupled_evolution.NativeCoupledEvolutionTests.test_far_field_enclosure_contains_independent_static_pair_law) ... ok
test_far_field_enclosure_crosses_dispersal_memory_boundary_atomically (test_eom_native_coupled_evolution.NativeCoupledEvolutionTests.test_far_field_enclosure_crosses_dispersal_memory_boundary_atomically) ... ok
test_finite_width_event_continues_into_generated_history (test_eom_native_coupled_evolution.NativeCoupledEvolutionTests.test_finite_width_event_continues_into_generated_history) ... ok
test_fold_event_is_accepted_only_with_certified_finite_impulse (test_eom_native_coupled_evolution.NativeCoupledEvolutionTests.test_fold_event_is_accepted_only_with_certified_finite_impulse) ... ok
test_future_history_input_is_rejected_and_replay_is_deterministic (test_eom_native_coupled_evolution.NativeCoupledEvolutionTests.test_future_history_input_is_rejected_and_replay_is_deterministic) ... ok
test_growth_memory_resets_on_rejection_no_headroom_and_other_modes (test_eom_native_coupled_evolution.NativeCoupledEvolutionTests.test_growth_memory_resets_on_rejection_no_headroom_and_other_modes) ... ok
test_joint_event_adjudicated_recovery_drops_optional_joint_state (test_eom_native_coupled_evolution.NativeCoupledEvolutionTests.test_joint_event_adjudicated_recovery_drops_optional_joint_state) ... ok
test_joint_event_displacement_is_consumed_and_tightens_the_same_event (test_eom_native_coupled_evolution.NativeCoupledEvolutionTests.test_joint_event_displacement_is_consumed_and_tightens_the_same_event) ... ok
test_joint_finite_width_event_route_fails_closed (test_eom_native_coupled_evolution.NativeCoupledEvolutionTests.test_joint_finite_width_event_route_fails_closed) ... ok
test_joint_precision_controls_cover_live_sum_full_corrector_and_retention (test_eom_native_coupled_evolution.NativeCoupledEvolutionTests.test_joint_precision_controls_cover_live_sum_full_corrector_and_retention) ... ok
test_native_fold_impulse_has_oracle_parity_and_fails_closed (test_eom_native_coupled_evolution.NativeCoupledEvolutionTests.test_native_fold_impulse_has_oracle_parity_and_fails_closed) ... ok
test_non_joint_evolution_does_not_claim_joint_fallback (test_eom_native_coupled_evolution.NativeCoupledEvolutionTests.test_non_joint_evolution_does_not_claim_joint_fallback) ... ok
test_ordinary_joint_event_selects_non_joint_retry (test_eom_native_coupled_evolution.NativeCoupledEvolutionTests.test_ordinary_joint_event_selects_non_joint_retry) ... ok
test_pinned_fold_temporal_step_is_provenance_gated (test_eom_native_coupled_evolution.NativeCoupledEvolutionTests.test_pinned_fold_temporal_step_is_provenance_gated) ... ok
test_regulator_matching_remainder_contains_stationary_closed_form (test_eom_native_coupled_evolution.NativeCoupledEvolutionTests.test_regulator_matching_remainder_contains_stationary_closed_form) ... ok
test_regulator_refinement_is_independent_and_fails_closed (test_eom_native_coupled_evolution.NativeCoupledEvolutionTests.test_regulator_refinement_is_independent_and_fails_closed) ... ok
test_rejections_publish_exactly_the_input_histories (test_eom_native_coupled_evolution.NativeCoupledEvolutionTests.test_rejections_publish_exactly_the_input_histories) ... ok
test_selectable_event_budgets_contain_unchanged_oracle_and_reject_under_budget (test_eom_native_coupled_evolution.NativeCoupledEvolutionTests.test_selectable_event_budgets_contain_unchanged_oracle_and_reject_under_budget) ... ok
test_self_root_entering_through_excluded_coincident_endpoint_is_not_a_fold (test_eom_native_coupled_evolution.NativeCoupledEvolutionTests.test_self_root_entering_through_excluded_coincident_endpoint_is_not_a_fold) ... ok
test_static_and_superfield_inertial_histories_match_oracle (test_eom_native_coupled_evolution.NativeCoupledEvolutionTests.test_static_and_superfield_inertial_histories_match_oracle) ... ok
test_synchronized_multirate_publishes_coarse_slow_path_atomically (test_eom_native_coupled_evolution.NativeCoupledEvolutionTests.test_synchronized_multirate_publishes_coarse_slow_path_atomically) ... ok

----------------------------------------------------------------------
Ran 43 tests in 88.360s

OK
