✔ machine plan is pilot-only and binds complete frozen sources/environment (2.81125ms)
✔ all frozen hashes and comparison schema match disk without reading scientific data (2.131667ms)
✔ source capture rejects replacement, symlinks, byte bound and overwrite (1.024417ms)
✔ stage controls retain exact hash/manifest and one-cell-only arguments (1.12225ms)
✔ captured Python bootstrap executes a synthetic byte-bound program and measures CPU (51.588542ms)
✔ synthetic mechanical handoff checks exact output/gate/resource census (44.413375ms)
✔ synthetic comparison admission requires authenticated preceding output and exact claims (56.743917ms)
✔ single-stage piping rejects child failure and log overflow without a second dispatch (3.164916ms)
✔ metadata-only inventory has bounded timeout and awaits its killed child closure (26.047083ms)
✔ host minima equality is accepted and fractional/malformed/low values fail (0.354333ms)
✔ RSS samples enforce aggregate sum, exact2GiB stop and conservative <=1s timing (0.165458ms)
✔ late synchronous teardown cannot hide an observation-to-closure gap (0.073625ms)
✔ final stdout is awaited and a stalled flush is destroyed within its remaining deadline (49.772ms)
✔ stdout callback failure and a callback past the RSS-gap deadline cannot admit (0.678709ms)
✔ metadata runtime inventory includes the loaded future-feature source and cache (46.649208ms)
✔ process observations retain birth identity, RSS and complete command line (0.373709ms)
✔ owned RSS tracks detached group after parent exit, excluding unrelated and PS probe (0.331667ms)
✔ startup abort is consumed once and cleanup inspection remains available (0.126333ms)
✔ exclusive lock cannot steal stale/replaced lock or remove another inode (15.019792ms)
✔ competing pilot is rejected but own captured stage descendants are allowed (0.171834ms)
✔ bounded log and partial progress retain raw bytes and reject backwards counts (3.486209ms)
✔ worker deadline and abort reject hung captured file operation and close worker (56.585792ms)
✔ file worker executes captured generation, not changed on-disk source (13.102333ms)
✔ final publication needs completed stages and live inclusive clock (9.021833ms)
✔ launcher CLI requires all exact hashes and rejects path traversal (0.179167ms)
✔ source composition pins unchanged registered bootstrap and sequential stages (0.164042ms)
✔ current cached composition exact source delta is binding/address-only, not operational logic (0.387459ms)
✔ all32 original entry/launcher/process control obligations survive exact retargeting (0.263333ms)
✔ old or mixed launch bindings cannot select the cached composition (1.161458ms)
✔ all20 comparison fixed bindings occur in actual preflight closure, including prior resource return (0.693708ms)
✔ cached and baseline pilot addresses share exclusion and the unchanged lock lane (0.217916ms)
✔ machine plan is pilot-only and binds complete frozen sources/environment (2.692083ms)
✔ all frozen hashes and comparison schema match disk without reading scientific data (1.13925ms)
✔ source capture rejects replacement, symlinks, byte bound and overwrite (0.978083ms)
✔ stage controls retain exact hash/manifest and one-cell-only arguments (1.073166ms)
✔ captured Python bootstrap executes a synthetic byte-bound program and measures CPU (52.922583ms)
✔ synthetic mechanical handoff checks exact output/gate/resource census (44.403625ms)
✔ synthetic comparison admission requires authenticated preceding output and exact claims (56.791042ms)
✔ single-stage piping rejects child failure and log overflow without a second dispatch (3.001416ms)
✔ metadata-only inventory has bounded timeout and awaits its killed child closure (28.462375ms)
✔ host minima equality is accepted and fractional/malformed/low values fail (0.339375ms)
✔ RSS samples enforce aggregate sum, exact2GiB stop and conservative <=1s timing (0.172833ms)
✔ late synchronous teardown cannot hide an observation-to-closure gap (0.088208ms)
✔ final stdout is awaited and a stalled flush is destroyed within its remaining deadline (50.7795ms)
✔ stdout callback failure and a callback past the RSS-gap deadline cannot admit (3.279042ms)
✔ metadata runtime inventory includes the loaded future-feature source and cache (45.238125ms)
✔ process observations retain birth identity, RSS and complete command line (0.349667ms)
✔ owned RSS tracks detached group after parent exit, excluding unrelated and PS probe (0.29725ms)
✔ startup abort is consumed once and cleanup inspection remains available (0.112458ms)
✔ exclusive lock cannot steal stale/replaced lock or remove another inode (14.126834ms)
✔ competing pilot is rejected but own captured stage descendants are allowed (0.138958ms)
✔ bounded log and partial progress retain raw bytes and reject backwards counts (0.416833ms)
✔ worker deadline and abort reject hung captured file operation and close worker (56.172583ms)
✔ file worker executes captured generation, not changed on-disk source (13.05875ms)
✔ final publication needs completed stages and live inclusive clock (9.0685ms)
✔ launcher CLI requires all exact hashes and rejects path traversal (0.168209ms)
✔ source composition pins unchanged registered bootstrap and sequential stages (0.150375ms)
ℹ tests 57
ℹ suites 0
ℹ pass 57
ℹ fail 0
ℹ cancelled 0
ℹ skipped 0
ℹ todo 0
ℹ duration_ms 470.398458
