✔ machine plan is pilot-only and binds complete frozen sources/environment (2.862458ms)
✔ all frozen hashes and comparison schema match disk without reading scientific data (2.905209ms)
✔ source capture rejects replacement, symlinks, byte bound and overwrite (0.922334ms)
✔ stage controls retain exact hash/manifest and one-cell-only arguments (1.085209ms)
✔ captured Python bootstrap executes a synthetic byte-bound program and measures CPU (74.488125ms)
✔ synthetic mechanical handoff checks exact output/gate/resource census (41.303708ms)
✔ synthetic comparison admission requires authenticated preceding output and exact claims (40.672208ms)
✔ single-stage piping rejects child failure and log overflow without a second dispatch (3.561083ms)
✔ metadata-only inventory has bounded timeout and awaits its killed child closure (29.072334ms)
✔ host minima equality is accepted and fractional/malformed/low values fail (0.528292ms)
✔ RSS samples enforce aggregate sum, exact2GiB stop and conservative <=1s timing (0.250417ms)
✔ late synchronous teardown cannot hide an observation-to-closure gap (0.119458ms)
✔ final stdout is awaited and a stalled flush is destroyed within its remaining deadline (50.713667ms)
✔ stdout callback failure and a callback past the RSS-gap deadline cannot admit (1.103667ms)
✔ metadata runtime inventory includes the loaded future-feature source and cache (75.667333ms)
✔ process observations retain birth identity, RSS and complete command line (0.374542ms)
✔ owned RSS tracks detached group after parent exit, excluding unrelated and PS probe (0.308583ms)
✔ startup abort is consumed once and cleanup inspection remains available (0.152292ms)
✔ exclusive lock cannot steal stale/replaced lock or remove another inode (16.032334ms)
✔ competing pilot is rejected but own captured stage descendants are allowed (0.172417ms)
✔ bounded log and partial progress retain raw bytes and reject backwards counts (4.000959ms)
✔ worker deadline and abort reject hung captured file operation and close worker (55.677542ms)
✔ file worker executes captured generation, not changed on-disk source (12.416083ms)
✔ final publication needs completed stages and live inclusive clock (5.657167ms)
✔ launcher CLI requires all exact hashes and rejects path traversal (0.156583ms)
✔ source composition pins unchanged registered bootstrap and sequential stages (0.138ms)
✔ current cached composition exact source delta is binding/address-only, not operational logic (0.360917ms)
✔ all32 original entry/launcher/process control obligations survive exact retargeting (0.248042ms)
✔ old or mixed launch bindings cannot select the cached composition (1.629209ms)
✔ all20 comparison fixed bindings occur in actual preflight closure, including prior resource return (0.726666ms)
✔ cached and baseline pilot addresses share exclusion and the unchanged lock lane (0.216916ms)
✔ machine plan is pilot-only and binds complete frozen sources/environment (2.928541ms)
✔ all frozen hashes and comparison schema match disk without reading scientific data (2.502292ms)
✔ source capture rejects replacement, symlinks, byte bound and overwrite (0.988167ms)
✔ stage controls retain exact hash/manifest and one-cell-only arguments (1.075ms)
✔ captured Python bootstrap executes a synthetic byte-bound program and measures CPU (74.762583ms)
✔ synthetic mechanical handoff checks exact output/gate/resource census (41.349083ms)
✔ synthetic comparison admission requires authenticated preceding output and exact claims (40.606541ms)
✔ single-stage piping rejects child failure and log overflow without a second dispatch (3.516125ms)
✔ metadata-only inventory has bounded timeout and awaits its killed child closure (29.191959ms)
✔ host minima equality is accepted and fractional/malformed/low values fail (0.513375ms)
✔ RSS samples enforce aggregate sum, exact2GiB stop and conservative <=1s timing (0.251167ms)
✔ late synchronous teardown cannot hide an observation-to-closure gap (0.117875ms)
✔ final stdout is awaited and a stalled flush is destroyed within its remaining deadline (50.759709ms)
✔ stdout callback failure and a callback past the RSS-gap deadline cannot admit (1.079708ms)
✔ metadata runtime inventory includes the loaded future-feature source and cache (75.58375ms)
✔ process observations retain birth identity, RSS and complete command line (0.371584ms)
✔ owned RSS tracks detached group after parent exit, excluding unrelated and PS probe (0.310042ms)
✔ startup abort is consumed once and cleanup inspection remains available (1.982083ms)
✔ exclusive lock cannot steal stale/replaced lock or remove another inode (18.232792ms)
✔ competing pilot is rejected but own captured stage descendants are allowed (0.142083ms)
✔ bounded log and partial progress retain raw bytes and reject backwards counts (0.399417ms)
✔ worker deadline and abort reject hung captured file operation and close worker (55.282166ms)
✔ file worker executes captured generation, not changed on-disk source (12.414917ms)
✔ final publication needs completed stages and live inclusive clock (5.669708ms)
✔ launcher CLI requires all exact hashes and rejects path traversal (0.155167ms)
✔ source composition pins unchanged registered bootstrap and sequential stages (0.129375ms)
ℹ tests 57
ℹ suites 0
ℹ pass 57
ℹ fail 0
ℹ cancelled 0
ℹ skipped 0
ℹ todo 0
ℹ duration_ms 501.923875
