The system has 25769803776 (1572864 pages with a page size of 16384).

Stats: 
Pages free: 18695 
Pages purgeable: 12272 
Pages purged: 37815639 

Swap I/O:
Swapins: 296210 
Swapouts: 544635 

Page Q counts:
Pages active: 522808 
Pages inactive: 549780 
Pages speculative: 2490 
Pages throttled: 0 
Pages wired down: 184518 

Compressor Stats:
Pages used by compressor: 243701 
Pages decompressed: 133491204 
Pages compressed: 160915324 

File I/O:
Pageins: 137565383 
Pageouts: 1010426 

System-wide memory free percentage: 71%
